###############################################################################
#
# IAR ELF Linker V8.30.1.114/W32 for ARM                  15/Jun/2020  09:13:59
# Copyright 2007-2018 IAR Systems AB.
#
#    Output file  =  mp-ncp-uart-hw-BRD4162-iar.out
#    Map file     =  
#        C:/SiliconLabs/SimplicityStudio/BETASSv5Beta3/mp-ncp-uart-hw-BRD4162-iar/IAR
#        ARM - Default/mp-ncp-uart-hw-BRD4162-iar.map
#    Command line =  
#        -f
#        "C:\SiliconLabs\SimplicityStudio\BETASSv5Beta3\mp-ncp-uart-hw-BRD4162-iar\IAR
#        ARM - Default\ilinkCommandLine_mp-ncp-uart-hw-BRD4162-iar.out.xcl" (-o
#        mp-ncp-uart-hw-BRD4162-iar.out --config
#        C:/SiliconLabs/SimplicityStudio/v5b3/developer/sdks/gecko_sdk_suite/v3.0a//platform/base/hal/micro/cortexm3/efm32/iar-cfg.icf
#        --config_def STA_GECKO_INFO_PAGE_BTL=1 --config_def FLASH_SIZE=1048576
#        --config_def RAM_SIZE=262144 --config_def SIMEEPROM_SIZE=36864
#        --config_def LOCKBITS_IN_MAINFLASH_SIZE=0 --config_def
#        EMBER_MALLOC_HEAP_SIZE=0 --config_def HEADER_SIZE=512 --config_def
#        PSSTORE_SIZE=0 --config_def LONGTOKEN_SIZE=0 --config_def
#        BTL_SIZE=16384 --no_wrap_diagnostics
#        C:/SiliconLabs/SimplicityStudio/v5b3/developer/sdks/gecko_sdk_suite/v3.0a//platform/radio/rail_lib/autogen/librail_release/librail_efr32xg12_iar_release.a
#        C:/SiliconLabs/SimplicityStudio/v5b3/developer/sdks/gecko_sdk_suite/v3.0a//protocol/zigbee/build/cbke-283k1-stub-library-cortexm3-iar-efr32mg12p-rail/cbke-283k1-stub-library.a
#        C:/SiliconLabs/SimplicityStudio/v5b3/developer/sdks/gecko_sdk_suite/v3.0a//protocol/zigbee/build/em260-uart-util-library-cortexm3-iar-efr32mg12p-rail/em260-uart-util-library.a
#        C:/SiliconLabs/SimplicityStudio/v5b3/developer/sdks/gecko_sdk_suite/v3.0a//protocol/zigbee/build/sim-eeprom2-1to2-upgrade-stub-library-cortexm3-iar-efr32mg12p-rail/sim-eeprom2-1to2-upgrade-stub-library.a
#        C:/SiliconLabs/SimplicityStudio/v5b3/developer/sdks/gecko_sdk_suite/v3.0a//protocol/zigbee/build/cbke-stub-library-cortexm3-iar-efr32mg12p-rail/cbke-stub-library.a
#        C:/SiliconLabs/SimplicityStudio/v5b3/developer/sdks/gecko_sdk_suite/v3.0a//protocol/zigbee/build/cbke-library-dsa-verify-stub-cortexm3-iar-efr32mg12p-rail/cbke-library-dsa-verify-stub.a
#        C:/SiliconLabs/SimplicityStudio/v5b3/developer/sdks/gecko_sdk_suite/v3.0a//protocol/zigbee/build/cbke-163k1-stub-library-cortexm3-iar-efr32mg12p-rail/cbke-163k1-stub-library.a
#        C:/SiliconLabs/SimplicityStudio/v5b3/developer/sdks/gecko_sdk_suite/v3.0a//protocol/zigbee/build/source-route-library-cortexm3-iar-efr32mg12p-rail/source-route-library.a
#        C:/SiliconLabs/SimplicityStudio/v5b3/developer/sdks/gecko_sdk_suite/v3.0a//protocol/zigbee/build/install-code-library-cortexm3-iar-efr32mg12p-rail/install-code-library.a
#        C:/SiliconLabs/SimplicityStudio/v5b3/developer/sdks/gecko_sdk_suite/v3.0a//protocol/zigbee/build/debug-basic-library-cortexm3-iar-efr32mg12p-rail/debug-basic-library.a
#        C:/SiliconLabs/SimplicityStudio/v5b3/developer/sdks/gecko_sdk_suite/v3.0a//protocol/zigbee/build/security-library-link-keys-cortexm3-iar-efr32mg12p-rail/security-library-link-keys.a
#        C:/SiliconLabs/SimplicityStudio/v5b3/developer/sdks/gecko_sdk_suite/v3.0a//protocol/zigbee/build/zll-library-cortexm3-iar-efr32mg12p-rail/zll-library.a
#        C:/SiliconLabs/SimplicityStudio/v5b3/developer/sdks/gecko_sdk_suite/v3.0a//protocol/zigbee/build/ncp-source-route-library-cortexm3-iar-efr32mg12p-rail/ncp-source-route-library.a
#        C:/SiliconLabs/SimplicityStudio/v5b3/developer/sdks/gecko_sdk_suite/v3.0a//protocol/zigbee/build/ncp-ash-fifo-rts-cts-library-cortexm3-iar-efr32mg12p-rail/ncp-ash-fifo-rts-cts-library.a
#        C:/SiliconLabs/SimplicityStudio/v5b3/developer/sdks/gecko_sdk_suite/v3.0a//protocol/zigbee/build/multi-pan-library-cortexm3-iar-efr32mg12p-rail/multi-pan-library.a
#        C:/SiliconLabs/SimplicityStudio/v5b3/developer/sdks/gecko_sdk_suite/v3.0a//protocol/zigbee/build/sim-eeprom2-library-cortexm3-iar-efr32mg12p-rail/sim-eeprom2-library.a
#        C:/SiliconLabs/SimplicityStudio/v5b3/developer/sdks/gecko_sdk_suite/v3.0a//protocol/zigbee/build/em260-xncp-stub-library-cortexm3-iar-efr32mg12p-rail/em260-xncp-stub-library.a
#        C:/SiliconLabs/SimplicityStudio/v5b3/developer/sdks/gecko_sdk_suite/v3.0a//protocol/zigbee/build/cbke-library-dsa-sign-stub-cortexm3-iar-efr32mg12p-rail/cbke-library-dsa-sign-stub.a
#        C:/SiliconLabs/SimplicityStudio/v5b3/developer/sdks/gecko_sdk_suite/v3.0a//protocol/zigbee/build/ncp-security-library-cortexm3-iar-efr32mg12p-rail/ncp-security-library.a
#        C:/SiliconLabs/SimplicityStudio/v5b3/developer/sdks/gecko_sdk_suite/v3.0a//protocol/zigbee/build/gp-library-cortexm3-iar-efr32mg12p-rail/gp-library.a
#        C:/SiliconLabs/SimplicityStudio/v5b3/developer/sdks/gecko_sdk_suite/v3.0a//protocol/zigbee/build/cbke-library-dsa-verify-283k1-stub-cortexm3-iar-efr32mg12p-rail/cbke-library-dsa-verify-283k1-stub.a
#        C:/SiliconLabs/SimplicityStudio/v5b3/developer/sdks/gecko_sdk_suite/v3.0a//protocol/zigbee/build/ncp-cbke-library-cortexm3-iar-efr32mg12p-rail/ncp-cbke-library.a
#        C:/SiliconLabs/SimplicityStudio/v5b3/developer/sdks/gecko_sdk_suite/v3.0a//protocol/zigbee/build/packet-validate-library-cortexm3-iar-efr32mg12p-rail/packet-validate-library.a
#        C:/SiliconLabs/SimplicityStudio/v5b3/developer/sdks/gecko_sdk_suite/v3.0a//protocol/zigbee/build/multi-network-library-cortexm3-iar-efr32mg12p-rail/multi-network-library.a
#        C:/SiliconLabs/SimplicityStudio/v5b3/developer/sdks/gecko_sdk_suite/v3.0a//protocol/zigbee/build/hal-library-cortexm3-iar-efr32mg12p-rail/hal-library.a
#        C:/SiliconLabs/SimplicityStudio/v5b3/developer/sdks/gecko_sdk_suite/v3.0a//protocol/zigbee/build/ncp-pro-library-cortexm3-iar-efr32mg12p-rail/ncp-pro-library.a
#        C:/SiliconLabs/SimplicityStudio/v5b3/developer/sdks/gecko_sdk_suite/v3.0a//protocol/zigbee/build/zigbee-r22-support-stub-library-cortexm3-iar-efr32mg12p-rail/zigbee-r22-support-stub-library.a
#        C:/SiliconLabs/SimplicityStudio/v5b3/developer/sdks/gecko_sdk_suite/v3.0a//protocol/zigbee/build/ncp-binding-library-cortexm3-iar-efr32mg12p-rail/ncp-binding-library.a
#        C:/SiliconLabs/SimplicityStudio/v5b3/developer/sdks/gecko_sdk_suite/v3.0a//protocol/zigbee/build/mfglib-library-cortexm3-iar-efr32mg12p-rail/mfglib-library.a
#        C:/SiliconLabs/SimplicityStudio/v5b3/developer/sdks/gecko_sdk_suite/v3.0a//protocol/zigbee/build/ncp-zll-library-cortexm3-iar-efr32mg12p-rail/ncp-zll-library.a
#        C:/SiliconLabs/SimplicityStudio/v5b3/developer/sdks/gecko_sdk_suite/v3.0a//protocol/zigbee/build/binding-table-library-cortexm3-iar-efr32mg12p-rail/binding-table-library.a
#        C:/SiliconLabs/SimplicityStudio/v5b3/developer/sdks/gecko_sdk_suite/v3.0a//protocol/zigbee/build/zigbee-pro-stack-cortexm3-iar-efr32mg12p-rail/zigbee-pro-stack.a
#        C:/SiliconLabs/SimplicityStudio/v5b3/developer/sdks/gecko_sdk_suite/v3.0a//protocol/zigbee/build/ncp-gp-library-cortexm3-iar-efr32mg12p-rail/ncp-gp-library.a
#        C:/SiliconLabs/SimplicityStudio/v5b3/developer/sdks/gecko_sdk_suite/v3.0a//protocol/zigbee/build/end-device-bind-library-cortexm3-iar-efr32mg12p-rail/end-device-bind-library.a
#        C:/SiliconLabs/SimplicityStudio/v5b3/developer/sdks/gecko_sdk_suite/v3.0a//protocol/zigbee/build/ncp-mfglib-library-cortexm3-iar-efr32mg12p-rail/ncp-mfglib-library.a
#        C:/SiliconLabs/SimplicityStudio/v5b3/developer/sdks/gecko_sdk_suite/v3.0a//protocol/zigbee/build/debug-extended-library-cortexm3-iar-efr32mg12p-rail/debug-extended-library.a
#        --entry __iar_program_start --map
#        "C:/SiliconLabs/SimplicityStudio/BETASSv5Beta3/mp-ncp-uart-hw-BRD4162-iar/IAR
#        ARM - Default/mp-ncp-uart-hw-BRD4162-iar.map" --log_file
#        "C:/SiliconLabs/SimplicityStudio/BETASSv5Beta3/mp-ncp-uart-hw-BRD4162-iar/IAR
#        ARM - Default/mp-ncp-uart-hw-BRD4162-iar.log" --log
#        initialization,modules,sections,veneers --diag_suppress=Lp012
#        --redirect _Printf=_PrintfSmallNoMb --redirect _Scanf=_ScanfFullNoMb
#        ./strong-random/strong-random-api.o
#        ./sim-eeprom2/EFR32_1/sim-eeprom2.o ./serial/EFR32/serial.o
#        ./serial/com.o ./secure-ezsp-stub/command-handlers-secure-ezsp-stub.o
#        ./secure-ezsp-stub/secure-ezsp-stub.o ./ncp-uart/em260-common.o
#        ./ncp-uart/ember-configuration.o ./ncp-uart/serial-interface-uart.o
#        ./mbedtls/EFR32/aes.o ./mbedtls/EFR32/aes_aes.o
#        ./mbedtls/EFR32/aesni.o ./mbedtls/EFR32/arc4.o ./mbedtls/EFR32/aria.o
#        ./mbedtls/EFR32/asn1parse.o ./mbedtls/EFR32/asn1write.o
#        ./mbedtls/EFR32/base64.o ./mbedtls/EFR32/bignum.o
#        ./mbedtls/EFR32/blowfish.o ./mbedtls/EFR32/camellia.o
#        ./mbedtls/EFR32/ccm.o ./mbedtls/EFR32/certs.o
#        ./mbedtls/EFR32/chacha20.o ./mbedtls/EFR32/chachapoly.o
#        ./mbedtls/EFR32/cipher.o ./mbedtls/EFR32/cipher_wrap.o
#        ./mbedtls/EFR32/cmac.o ./mbedtls/EFR32/crypto_aes.o
#        ./mbedtls/EFR32/crypto_ble.o ./mbedtls/EFR32/crypto_ecp.o
#        ./mbedtls/EFR32/crypto_management.o ./mbedtls/EFR32/crypto_sha.o
#        ./mbedtls/EFR32/cryptoacc_aes.o ./mbedtls/EFR32/cryptoacc_ccm.o
#        ./mbedtls/EFR32/cryptoacc_cmac.o ./mbedtls/EFR32/cryptoacc_ecp.o
#        ./mbedtls/EFR32/cryptoacc_gcm.o ./mbedtls/EFR32/cryptoacc_management.o
#        ./mbedtls/EFR32/cryptoacc_sha.o ./mbedtls/EFR32/cryptoacc_trng.o
#        ./mbedtls/EFR32/ctr_drbg.o ./mbedtls/EFR32/debug.o
#        ./mbedtls/EFR32/des.o ./mbedtls/EFR32/dhm.o ./mbedtls/EFR32/ecdh.o
#        ./mbedtls/EFR32/ecdsa.o ./mbedtls/EFR32/ecjpake.o
#        ./mbedtls/EFR32/ecp.o ./mbedtls/EFR32/ecp_curves.o
#        ./mbedtls/EFR32/entropy.o ./mbedtls/EFR32/entropy_adc.o
#        ./mbedtls/EFR32/entropy_poll.o ./mbedtls/EFR32/entropy_rail.o
#        ./mbedtls/EFR32/error.o ./mbedtls/EFR32/gcm.o ./mbedtls/EFR32/havege.o
#        ./mbedtls/EFR32/hkdf.o ./mbedtls/EFR32/hmac_drbg.o
#        ./mbedtls/EFR32/md.o ./mbedtls/EFR32/md2.o ./mbedtls/EFR32/md4.o
#        ./mbedtls/EFR32/md5.o ./mbedtls/EFR32/md_wrap.o
#        ./mbedtls/EFR32/memory_buffer_alloc.o ./mbedtls/EFR32/net_sockets.o
#        ./mbedtls/EFR32/nist_kw.o ./mbedtls/EFR32/oid.o
#        ./mbedtls/EFR32/padlock.o ./mbedtls/EFR32/pem.o ./mbedtls/EFR32/pk.o
#        ./mbedtls/EFR32/pk_wrap.o ./mbedtls/EFR32/pkcs11.o
#        ./mbedtls/EFR32/pkcs12.o ./mbedtls/EFR32/pkcs5.o
#        ./mbedtls/EFR32/pkparse.o ./mbedtls/EFR32/pkwrite.o
#        ./mbedtls/EFR32/platform_util.o ./mbedtls/EFR32/poly1305.o
#        ./mbedtls/EFR32/radioaes.o ./mbedtls/EFR32/radioaes_aes.o
#        ./mbedtls/EFR32/radioaes_ble.o ./mbedtls/EFR32/ripemd160.o
#        ./mbedtls/EFR32/rsa.o ./mbedtls/EFR32/rsa_internal.o
#        ./mbedtls/EFR32/se_aes.o ./mbedtls/EFR32/se_ccm.o
#        ./mbedtls/EFR32/se_cmac.o ./mbedtls/EFR32/se_ecp.o
#        ./mbedtls/EFR32/se_gcm.o ./mbedtls/EFR32/se_jpake.o
#        ./mbedtls/EFR32/se_management.o ./mbedtls/EFR32/se_sha.o
#        ./mbedtls/EFR32/se_trng.o ./mbedtls/EFR32/sha1.o
#        ./mbedtls/EFR32/sha256.o ./mbedtls/EFR32/sha512.o
#        ./mbedtls/EFR32/shax.o ./mbedtls/EFR32/sl_mbedtls.o
#        ./mbedtls/EFR32/sl_se_manager.o ./mbedtls/EFR32/sl_se_manager_cipher.o
#        ./mbedtls/EFR32/sl_se_manager_entropy.o
#        ./mbedtls/EFR32/sl_se_manager_hash.o
#        ./mbedtls/EFR32/sl_se_manager_key_derivation.o
#        ./mbedtls/EFR32/sl_se_manager_key_handling.o
#        ./mbedtls/EFR32/sl_se_manager_signature.o
#        ./mbedtls/EFR32/sl_se_manager_util.o ./mbedtls/EFR32/ssl_cache.o
#        ./mbedtls/EFR32/ssl_ciphersuites.o ./mbedtls/EFR32/ssl_cli.o
#        ./mbedtls/EFR32/ssl_cookie.o ./mbedtls/EFR32/ssl_srv.o
#        ./mbedtls/EFR32/ssl_ticket.o ./mbedtls/EFR32/ssl_tls.o
#        ./mbedtls/EFR32/threading.o ./mbedtls/EFR32/timing.o
#        ./mbedtls/EFR32/trng.o ./mbedtls/EFR32/version.o
#        ./mbedtls/EFR32/version_features.o ./mbedtls/EFR32/x509.o
#        ./mbedtls/EFR32/x509_create.o ./mbedtls/EFR32/x509_crl.o
#        ./mbedtls/EFR32/x509_crt.o ./mbedtls/EFR32/x509_csr.o
#        ./mbedtls/EFR32/x509write_crt.o ./mbedtls/EFR32/x509write_csr.o
#        ./mbedtls/EFR32/xtea.o ./led/EFR32/led.o
#        ./hal-library/EFR32/assert-crash-handlers.o ./hal-library/EFR32/crc.o
#        ./hal-library/EFR32/cstartup-common.o ./hal-library/EFR32/endian.o
#        ./hal-library/EFR32/faults-v7m.o ./hal-library/EFR32/hal-config-gpio.o
#        ./hal-library/EFR32/hal-config.o ./hal-library/EFR32/isr-stubs.o
#        ./hal-library/EFR32/long-token.o ./hal-library/EFR32/mem-util.o
#        ./hal-library/EFR32/mfg-token.o ./hal-library/EFR32/micro-common.o
#        ./hal-library/EFR32/micro.o ./hal-library/EFR32/random.o
#        ./hal-library/EFR32/sl_mpu.o ./hal-library/EFR32/sl_power_manager.o
#        ./hal-library/EFR32/sl_power_manager_debug.o
#        ./hal-library/EFR32/sl_power_manager_hal_s0_s1.o
#        ./hal-library/EFR32/sl_power_manager_hal_s2.o
#        ./hal-library/EFR32/sl_slist.o ./hal-library/EFR32/sleep-efm32.o
#        ./hal-library/EFR32/token-def.o ./hal-library/EFR32/token.o
#        ./external-generated-files/bootloader-interface-standalone.o
#        ./external-generated-files/bootloader-interface.o
#        ./external-generated-files/btl_interface.o ./emlib/em_adc.o
#        ./emlib/em_cmu.o ./emlib/em_core.o ./emlib/em_emu.o
#        ./emlib/em_eusart.o ./emlib/em_gpio.o ./emlib/em_i2c.o
#        ./emlib/em_ldma.o ./emlib/em_leuart.o ./emlib/em_msc.o
#        ./emlib/em_prs.o ./emlib/em_rmu.o ./emlib/em_rtcc.o ./emlib/em_se.o
#        ./emlib/em_system.o ./emlib/em_timer.o ./emlib/em_usart.o
#        ./emlib/em_wdog.o ./emlib/system_efr32mg12p.o ./emdrv/dmadrv.o
#        ./emdrv/gpiointerrupt.o ./emdrv/sl_sleeptimer.o
#        ./emdrv/sl_sleeptimer_hal_rtcc.o ./emdrv/sleep.o ./emdrv/tempdrv.o
#        ./emdrv/uartdrv.o ./emdrv/ustimer.o
#        ./ember-minimal-printf/ember-printf.o ./diagnostic/EFR32/diagnostic.o
#        ./debug-channel/EFR32/debug-jtag-efr32.o
#        ./debug-basic-library/EFR32/SEGGER_RTT.o
#        ./coexistence-stub/EFR32/coexistence-802154.o
#        ./coexistence-stub/EFR32/coulomb-counter-802154.o
#        ./ccm-encryption/ccm-star.o ./buzzer-stub/buzzer-stub.o
#        ./button-stub/button-stub.o ./antenna-stub/antenna-stub.o
#        ./adc/EFR32/adc-efr32.o ./ezsp-command-handler.o ./ncp-bookkeeping.o
#        ./ncp-callback-stubs.o ./ncp-callbacks.o ./ncp-events.o)
#
###############################################################################

*******************************************************************************
*** RUNTIME MODEL ATTRIBUTES
***

CppFlavor       = *
__SystemLibrary = DLib
__dlib_version  = 6


*******************************************************************************
*** HEAP SELECTION
***

The basic heap was selected because no calls to memory allocation
functions were found in the application outside of system library
functions, and there are calls to deallocation functions in the
application.


*******************************************************************************
*** PLACEMENT SUMMARY
***

define block HEADER_block with fixed order { ro section AAT };
"HEADERS":
       place at start of [from 0x0 to 0x1ff] { block HEADER_block };
define block APPRO_block
   with fixed order {
      ro section .intvec, ro section .textrw_init, ro section .gatt_header,
      ro section .gatt_data, ro section .text, ro section CODE,
      ro section .rodata, ro section .data_init, ro section .iar.init_table,
      ro section __DLIB_PERTHREAD_init };
"APP ro":
       place at start of [from 0x200 to 0xf'ffff] { block APPRO_block };
"SIMEE&LOCKBITS":
       place at end of [from 0x200 to 0xf'ffff] {
          zi section SIMEE, zi section INTERNAL_STORAGE, zi section LONGTOKEN,
          zi section PSSTORE, zi section LOCKBITS_IN_MAINFLASH };
define block ALIGN_EMHEAP with alignment = 8 { rw section EMHEAP };
define block RESETHEAP
   with fixed order {
      rw section RESETINFO, rw section .noinitnew, block ALIGN_EMHEAP };
"ResetHeap":
       place at start of [from 0x2000'0000 to 0x2003'ffef] { block RESETHEAP };
"Guard":
       place in [from 0x2000'0000 to 0x2003'ffef] { rw section GUARD_REGION };
define block ALIGN_CSTACK with alignment = 8 { rw section CSTACK };
define block DLIB_PERTHREAD_INITIALIZED_DATA { rw section __DLIB_PERTHREAD };
define block DLIB_PERTHREAD_ZERO_DATA { zi section __DLIB_PERTHREAD };
define block HEAP with size = 0M, alignment = 8 { };
define block APPRW_block
   with fixed order {
      block ALIGN_CSTACK, rw section .textrw, rw section .data,
      block DLIB_PERTHREAD_INITIALIZED_DATA, block DLIB_PERTHREAD_ZERO_DATA,
      rw section .bss, rw section .noinitlegacy, block HEAP };
"APP rw":
       place at end of [from 0x2000'0000 to 0x2003'ffef] { block APPRW_block };
do not initialize {
   rw section .noinitlegacy, rw section .noinitnew, rw section CSTACK,
   rw section RESETINFO, rw section EMHEAP, zi section SIMEE,
   zi section INTERNAL_STORAGE, zi section LONGTOKEN, zi section PSSTORE,
   zi section LOCKBITS_IN_MAINFLASH };
initialize by copy { rw };

No sections matched the following patterns:

  ro section .gatt_data             in block APPRO_block
  ro section .gatt_header           in block APPRO_block
  ro section .iar.init_table        in block APPRO_block
  ro section CODE                   in block APPRO_block
  ro section __DLIB_PERTHREAD_init  in block APPRO_block
  rw section .noinitlegacy          in block APPRW_block
  rw section .noinitnew             in block RESETHEAP
  rw section DEBUG_CHANNEL          in "DEBUGCHAN"
  rw section __DLIB_PERTHREAD       in block DLIB_PERTHREAD_INITIALIZED_DATA
  zi section INTERNAL_STORAGE       in "SIMEE&LOCKBITS"
  zi section LOCKBITS_IN_MAINFLASH  in "SIMEE&LOCKBITS"
  zi section LONGTOKEN              in "SIMEE&LOCKBITS"
  zi section PSSTORE                in "SIMEE&LOCKBITS"
  zi section __DLIB_PERTHREAD       in block DLIB_PERTHREAD_ZERO_DATA


  Section                Kind         Address     Size  Object
  -------                ----         -------     ----  ------
"HEADERS":                                        0xac
  HEADER_block                            0x0     0xac  <Block>
    AAT                  const            0x0     0xac  cstartup-common.o [15]
                                       - 0xac     0xac

"APP ro":                                      0x32cdc
  APPRO_block                           0x200  0x32cdc  <Block>
    .intvec              const          0x200    0x10c  startup_efr32mg12p.o [38]
    Initializer bytes    const          0x30c     0x62  <for .textrw-1>
    .text                               0x370  0x30582  <Block>
      .text              ro code        0x370     0xa4  sim-eeprom2.o [22]
      .text              ro code        0x414     0xe0  mem-util.o [15]
      .text              ro code        0x4f4    0x116  debug-extended.o [32]
      .text              ro code        0x60a      0x2  startup_efr32mg12p.o [38]
      .text              ro code        0x60c   0x1374  sim-eeprom2-internal.o [58]
      .text              ro code       0x1980     0x66  ABImemset.o [55]
      .text              ro code       0x19e6      0x2  startup_efr32mg12p.o [38]
      .text              ro code       0x19e8    0x230  debug-jtag-efr32.o [9]
      .text              ro code       0x1c18    0x274  ember-printf.o [11]
      .text              ro code       0x1e8c    0x2b4  debug.o [31]
      Veneer             ro code       0x2140      0x8  - Linker created -
      .text              ro code       0x2148     0xec  flash.o [38]
      .text              ro code       0x2234     0xc8  ncp-callback-stubs.o [1]
      .text              ro code       0x22fc      0xa  sim-eeprom2-internal-1to2upgrade-stub.o [57]
      .text              ro code       0x2306      0x2  startup_efr32mg12p.o [38]
      .text              ro code       0x2308    0x200  assert-crash-handlers.o [15]
      .text              ro code       0x2508     0xa4  micro-common.o [15]
      .text              ro code       0x25ac    0x9a0  em_cmu.o [13]
      .text              ro code       0x2f4c    0x164  em_gpio.o [13]
      .text              ro code       0x30b0    0x180  SEGGER_RTT.o [8]
      .text              ro code       0x3230    0x138  system-timer.o [38]
      .text              ro code       0x3368     0x24  crc.o [15]
      .text              ro code       0x338c    0x52c  micro.o [15]
      .text              ro code       0x38b8    0x8d4  buffer-management.o [60]
      .text              ro code       0x418c    0x30c  legacy-packet-buffer.o [60]
      .text              ro code       0x4498     0x36  strlen.o [55]
      .text              ro code       0x44ce      0x2  startup_efr32mg12p.o [38]
      .text              ro code       0x44d0    0x94e  com.o [20]
      .text              ro code       0x4e1e      0x2  zigbee-stack.o [60]
      .text              ro code       0x4e20    0x2e4  ember-stack-common.o [60]
      .text              ro code       0x5104   0x13ce  lower-mac-rail-802.15.4.o [60]
      .text              ro code       0x64d2      0x2  zigbee-stack.o [60]
      .text              ro code       0x64d4    0x1b0  em_msc.o [13]
      .text              ro code       0x6684    0x638  ezsp-frame-utilities.o [34]
      .text              ro code       0x6cbc     0x5c  micro-internal.o [38]
      .text              ro code       0x6d18      0x8  em_core.o [13]
      .text              ro code       0x6d20     0xbc  serial.o [21]
      .text              ro code       0x6ddc      0x4  faults-v7m.o [15]
      .text              ro code       0x6de0     0x84  em_rmu.o [13]
      .text              ro code       0x6e64     0xe4  em_wdog.o [13]
      .text              ro code       0x6f48     0xc4  system_efr32mg12p.o [13]
      Veneer             ro code       0x700c      0x8  - Linker created -
      .text              ro code       0x7014    0x8fa  em_emu.o [13]
      .text              ro code       0x790e      0x2  zigbee-stack.o [60]
      .text              ro code       0x7910     0xa6  ABImemcpy.o [55]
      .text              ro code       0x79b6      0x2  zigbee-stack.o [60]
      .text              ro code       0x79b8    0x5aa  sl_sleeptimer.o [12]
      .text              ro code       0x7f62      0x2  zigbee-stack.o [60]
      .text              ro code       0x7f64    0x118  ustimer.o [12]
      .text              ro code       0x807c      0x8  em_core.o [13]
      .text              ro code       0x8084    0x1c4  sleep-efm32.o [15]
      .text              ro code       0x8248    0x164  sl_mpu.o [15]
      .text              ro code       0x83ac     0xa4  cstartup-common.o [15]
      .text              ro code       0x8450     0xec  hal-config.o [15]
      .text              ro code       0x853c    0x1ec  tempdrv.o [12]
      .text              ro code       0x8728     0x1c  pa_conversions_efr32.o [40]
      .text              ro code       0x8744     0x36  coexistence-802154.o [7]
      .text              ro code       0x877a      0x2  zigbee-stack.o [60]
      .text              ro code       0x877c    0x17c  token.o [15]
      .text              ro code       0x88f8     0x4a  strcmp.o [55]
      .text              ro code       0x8942      0xc  em_core.o [13]
      .text              ro code       0x894e      0x6  em_core.o [13]
      .text              ro code       0x8954    0x18e  buffer-queue.o [60]
      .text              ro code       0x8ae2      0x6  rail_zwave_rf_hal.o [40]
      .text              ro code       0x8ae8   0x1974  uartdrv.o [12]
      .text              ro code       0xa45c    0x1ec  em_usart.o [13]
      .text              ro code       0xa648     0xd4  em_leuart.o [13]
      .text              ro code       0xa71c      0x6  ABImemclr4.o [55]
      .text              ro code       0xa722     0x3a  zero_init3.o [55]
      .text              ro code       0xa75c    0x214  multi-pan.o [44]
      .text              ro code       0xa970    0x258  event-control.o [60]
      .text              ro code       0xabc8    0x2f0  mac-dispatch.o [60]
      .text              ro code       0xaeb8     0x2c  zdo-r22-stub.o [61]
      .text              ro code       0xaee4    0x800  child.o [60]
      .text              ro code       0xb6e4    0xb48  zll-api.o [62]
      .text              ro code       0xc22c    0x6f4  ember-multi-network.o [43]
      .text              ro code       0xc920   0x18e4  association.o [60]
      .text              ro code       0xe204    0x350  management.o [60]
      .text              ro code       0xe554    0xab4  upper-mac.o [60]
      .text              ro code       0xf008     0x14  strong-random-api.o [23]
      .text              ro code       0xf01c    0x1b8  rail_singleprotocol.o [40]
      .text              ro code       0xf1d4    0x468  rail_rf.o [40]
      .text              ro code       0xf63c    0x110  rail_tx.o [40]
      .text              ro code       0xf74c    0x18c  rail_ieee802154.o [40]
      .text              ro code       0xf8d8     0xe0  rail_data.o [40]
      .text              ro code       0xf9b8     0xa8  rail_calibration.o [40]
      .text              ro code       0xfa60    0x3d8  mac-header.o [60]
      .text              ro code       0xfe38     0x50  random.o [15]
      .text              ro code       0xfe88      0x4  rail_timer.o [40]
      .text              ro code       0xfe8c      0xc  mac-header.o [60]
      .text              ro code       0xfe98     0x22  antenna-stub.o [3]
      .text              ro code       0xfeba     0xb0  rail_autoack.o [40]
      .text              ro code       0xff6a     0x7a  lz77_init_single.o [55]
      .text              ro code       0xffe4     0xb0  mac-flat-header.o [60]
      .text              ro code     0x1'0094    0x4f8  scan.o [60]
      .text              ro code     0x1'058c    0x594  mac-child.o [60]
      .text              ro code     0x1'0b20    0x6c8  indirect-queue.o [60]
      .text              ro code     0x1'11e8     0x26  rail_rx.o [40]
      .text              ro code     0x1'1210     0x84  led.o [16]
      .text              ro code     0x1'1294    0x1ba  mfg-token.o [15]
      .text              ro code     0x1'1450     0x70  faults-v7m.o [15]
      .text              ro code     0x1'14c0      0x8  em_core.o [13]
      .text              ro code     0x1'14c8      0x6  em_core.o [13]
      .text              ro code     0x1'14d0    0x1b4  sl_power_manager_hal_s0_s1.o [15]
      .text              ro code     0x1'1684    0x19c  sl_sleeptimer_hal_rtcc.o [12]
      .text              ro code     0x1'1820    0x230  I64DivMod.o [55]
      .text              ro code     0x1'1a50     0x1e  U64Shr.o [55]
      .text              ro code     0x1'1a70    0x148  em_timer.o [13]
      .text              ro code     0x1'1bb8    0x30c  sl_power_manager.o [15]
      .text              ro code     0x1'1ec4     0x44  em_core.o [13]
      .text              ro code     0x1'1f08      0x4  em_core.o [13]
      .text              ro code     0x1'1f0c      0x4  faults-v7m.o [15]
      .text              ro code     0x1'1f10     0xa4  micro-common-internal.o [38]
      .text              ro code     0x1'1fb4      0x6  rail_pti.o [40]
      .text              ro code     0x1'1fbc    0x434  dmadrv.o [12]
      .text              ro code     0x1'23f0     0xb8  gpiointerrupt.o [12]
      .text              ro code     0x1'24a8     0x4c  em_core.o [13]
      .text              ro code     0x1'24f4     0x3a  ABImemset48.o [55]
      .text              ro code     0x1'2530    0xa8c  beacon-handling.o [60]
      .text              ro code     0x1'2fbc     0x1a  em_core.o [13]
      .text              ro code     0x1'2fd6    0x230  mac-packet-header.o [60]
      .text              ro code     0x1'3208     0x34  enhanced-beacon-request-stub.o [61]
      .text              ro code     0x1'323c   0x1b64  network.o [60]
      .text              ro code     0x1'4da0      0x8  mac-header.o [60]
      .text              ro code     0x1'4da8    0x1fc  child-aging.o [60]
      .text              ro code     0x1'4fa4    0x9dc  neighbor.o [60]
      .text              ro code     0x1'5980    0x4e8  zigbee-stack.o [60]
      .text              ro code     0x1'5e68    0x410  random-id.o [60]
      .text              ro code     0x1'6278    0x424  source-route-table.o [59]
      .text              ro code     0x1'669c    0x408  address-table.o [60]
      .text              ro code     0x1'6aa4    0x5ec  route-table.o [60]
      .text              ro code     0x1'7090    0xee0  command-handlers-zigbee-pro.o [50]
      .text              ro code     0x1'7f70     0x12  ember-duty-cycle-stub.o [60]
      .text              ro code     0x1'7f84    0x9e8  zigbee-device-util.o [60]
      .text              ro code     0x1'896c    0x15e  zll-tokens.o [62]
      .text              ro code     0x1'8acc    0x768  aps-keys.o [60]
      .text              ro code     0x1'9234    0xef4  aps-security.o [60]
      .text              ro code     0x1'a128    0x17c  zll-address-assignment.o [62]
      .text              ro code     0x1'a2a4    0xb04  zll-interpan.o [62]
      .text              ro code     0x1'ada8    0x62a  zigbee-scan.o [60]
      .text              ro code     0x1'b3d4    0x47a  leave.o [60]
      .text              ro code     0x1'b850    0x21a  command-handlers-zll.o [53]
      .text              ro code     0x1'ba6c    0x1d4  token-cache.o [60]
      .text              ro code     0x1'bc40    0x188  zll-security.o [62]
      .text              ro code     0x1'bdc8    0x36e  command-handlers-security.o [51]
      .text              ro code     0x1'c138    0x1e4  stack-callbacks.o [34]
      .text              ro code     0x1'c31c    0x194  counters.o [34]
      .text              ro code     0x1'c4b0    0x27c  zigbee-neighbor.o [60]
      .text              ro code     0x1'c72c    0x322  command.o [60]
      .text              ro code     0x1'ca50    0x3f4  child-handling.o [60]
      .text              ro code     0x1'ce44    0x504  binding-table.o [24]
      .text              ro code     0x1'd348     0x14  ember-multi-phy-stub.o [60]
      .text              ro code     0x1'd35c     0x10  ember-configuration.o [18]
      .text              ro code     0x1'd36c    0x66c  zigbee-packet-header.o [60]
      .text              ro code     0x1'd9d8    0x2e2  retry.o [60]
      .text              ro code     0x1'dcbc    0x874  trust-center-util.o [60]
      .text              ro code     0x1'e530     0x34  mac-info-element-parsing-stub.o [61]
      .text              ro code     0x1'e564    0x7dc  gp-proxy-table.o [37]
      .text              ro code     0x1'ed40      0x6  ABImemclr.o [55]
      .text              ro code     0x1'ed48     0x96  ABImemmove.o [55]
      .text              ro code     0x1'ede0     0x90  multi-network.o [60]
      .text              ro code     0x1'ee70    0x5d8  mac-command.o [60]
      .text              ro code     0x1'f448   0x1648  rail_rf_hal.o [40]
      .text              ro code     0x2'0a90      0x6  rail_rssi.o [40]
      .text              ro code     0x2'0a98     0x28  rfhal_module.o [40]
      .text              ro code     0x2'0ac0     0x18  rail_assert.o [40]
      .text              ro code     0x2'0ad8     0x14  rail_power_manager.o [40]
      .text              ro code     0x2'0aec     0xd8  pa_conversions_efr32.o [40]
      .text              ro code     0x2'0bc4     0xb0  pa_conversions_efr32.o [40]
      .text              ro code     0x2'0c74    0x1ec  rail_ieee802154_rf_hal.o [40]
      .text              ro code     0x2'0e60    0x918  rfhal_ircal.o [40]
      .text              ro code     0x2'1778     0x68  memcmp.o [55]
      .text              ro code     0x2'17e0     0x22  I64Shl.o [55]
      .text              ro code     0x2'1804     0x94  em_rtcc.o [13]
      .text              ro code     0x2'1898      0x2  I64DivZer.o [55]
      .text              ro code     0x2'189a     0x10  sl_slist.o [15]
      .text              ro code     0x2'18aa      0x4  sl_power_manager.o [15]
      .text              ro code     0x2'18b0    0x190  em_ldma.o [13]
      .text              ro code     0x2'1a40    0x250  broadcast.o [60]
      .text              ro code     0x2'1c90    0x49a  crypto.o [60]
      .text              ro code     0x2'212c     0x84  unicast-table.o [60]
      .text              ro code     0x2'21b0    0x250  store-forward.o [60]
      .text              ro code     0x2'2400    0xc54  gp-data.o [37]
      .text              ro code     0x2'3054    0x5a0  aps-encryption.o [60]
      .text              ro code     0x2'35f4    0x340  jit.o [60]
      .text              ro code     0x2'3934    0x80a  route-discovery.o [60]
      .text              ro code     0x2'4140    0xac0  application-support.o [60]
      .text              ro code     0x2'4c00    0x11c  zigbee-mac-header.o [60]
      .text              ro code     0x2'4d1c    0x2dc  packet-validate.o [54]
      .text              ro code     0x2'4ff8    0x158  route-error.o [60]
      .text              ro code     0x2'5150    0x41c  neighbor-exchange.o [60]
      .text              ro code     0x2'556c    0x1c4  source-route-update.o [59]
      .text              ro code     0x2'5730     0xe4  polling.o [50]
      .text              ro code     0x2'5814    0xa00  aps-retry.o [60]
      .text              ro code     0x2'6214     0x94  ember-library.o [60]
      .text              ro code     0x2'62a8     0x18  eui64.o [60]
      .text              ro code     0x2'62c0     0x12  phy-util.o [60]
      .text              ro code     0x2'62d4    0x126  multi-pan-common.o [44]
      .text              ro code     0x2'63fa     0x1a  cbke-crypto-engine-163k1-stub.o [25]
      .text              ro code     0x2'6414     0x1a  cbke-crypto-engine-283k1-stub.o [26]
      .text              ro code     0x2'6430    0x470  zdo-channel.o [60]
      .text              ro code     0x2'68a0     0x12  cbke-crypto-engine-stub.o [30]
      .text              ro code     0x2'68b4    0x106  command-handlers-source-route.o [52]
      .text              ro code     0x2'69bc     0xa8  security-address-cache.o [50]
      .text              ro code     0x2'6a64    0x24c  zigbee-upper-mac.o [60]
      .text              ro code     0x2'6cb0    0x210  endpoint-data.o [50]
      .text              ro code     0x2'6ec0    0x430  memory-allocation.o [34]
      .text              ro code     0x2'72f0     0xe4  zigbee-dispatch.o [60]
      .text              ro code     0x2'73d4     0x24  xncp-stubs.o [35]
      .text              ro code     0x2'73f8    0xb00  zigbee-device.o [60]
      .text              ro code     0x2'7ef8    0x400  end-device-bind.o [36]
      .text              ro code     0x2'82f8     0xca  security-config-mfg-3xx.o [60]
      .text              ro code     0x2'83c4    0x31c  aps-keys-full.o [56]
      .text              ro code     0x2'86e0    0x530  aps-keys-transient.o [56]
      .text              ro code     0x2'8c10     0x62  hmac.o [60]
      .text              ro code     0x2'8c74     0x68  install-code-tokens.o [39]
      .text              ro code     0x2'8cdc     0xc4  aes-efm32.o [60]
      .text              ro code     0x2'8da0      0x2  symbol-timer.o [60]
      .text              ro code     0x2'8da2    0x14a  aes-mmo.o [60]
      .text              ro code     0x2'8eec    0x162  serial-interface-uart.o [18]
      .text              ro code     0x2'9050    0x870  ash-ncp.o [45]
      .text              ro code     0x2'98c0    0x308  command-handlers-binding.o [46]
      .text              ro code     0x2'9bc8     0x7a  gp-util.o [37]
      .text              ro code     0x2'9c44    0x24a  rfhal_timings.o [40]
      .text              ro code     0x2'9e90    0x41c  rfhal_radio.o [40]
      .text              ro code     0x2'a2ac    0xf34  generic_phy.o [40]
      .text              ro code     0x2'b1e0    0x68c  rfhal_pa.o [40]
      .text              ro code     0x2'b86c    0x618  rfhal_bufc.o [40]
      .text              ro code     0x2'be84    0x4be  rfhal_protimer.o [40]
      .text              ro code     0x2'c344     0x58  rfhal_tempcal.o [40]
      .text              ro code     0x2'c39c    0x17e  rfhal_rftest.o [40]
      .text              ro code     0x2'c51c    0x314  rfhal_synth.o [40]
      .text              ro code     0x2'c830    0x138  rfhal_rand.o [40]
      .text              ro code     0x2'c968    0x18c  rfhal_pti.o [40]
      .text              ro code     0x2'caf4    0x1a2  rfhal_auxpll.o [40]
      .text              ro code     0x2'cc98    0x1c8  ccm-star.o [6]
      .text              ro code     0x2'ce60    0x11a  command-handlers-gp.o [48]
      .text              ro code     0x2'cf7a      0x8  cbke-crypto-engine-dsa-sign-stub.o [27]
      .text              ro code     0x2'cf84     0x84  timers.o [34]
      .text              ro code     0x2'd008     0xf6  ncp-bookkeeping.o [1]
      .text              ro code     0x2'd100    0x1c0  zdo-binding-table.o [24]
      .text              ro code     0x2'd2c0    0x24a  crypto_aes.o [17]
      .text              ro code     0x2'd50c    0x27c  ash-common.o [45]
      .text              ro code     0x2'd788     0x34  em_system.o [13]
      .text              ro code     0x2'd7bc     0x50  seq_globals.o [40]
      .text              ro code     0x2'd80c     0xb4  command-handlers-mfglib.o [49]
      .text              ro code     0x2'd8c0    0xde4  command-handlers.o [34]
      .text              ro code     0x2'e6a4    0x150  command-handlers-cbke.o [47]
      .text              ro code     0x2'e7f4     0x38  em_crypto.o [60]
      .text              ro code     0x2'e82c     0x54  crypto_management.o [17]
      .text              ro code     0x2'e880    0x26c  mfglib.o [42]
      .text              ro code     0x2'eaec      0x2  command-handlers.o [34]
      .text              ro code     0x2'eaee     0x16  secure-ezsp-stub.o [19]
      .text              ro code     0x2'eb04      0xc  em260-common.o [18]
      .text              ro code     0x2'eb10     0x30  frame-utilities.o [34]
      .text              ro code     0x2'eb40     0x10  command-handlers-secure-ezsp-stub.o [19]
      .text              ro code     0x2'eb50     0x40  bootloader-interface-standalone.o [14]
      .text              ro code     0x2'eb90   0x1474  ezsp-command-handler.o [1]
      .text              ro code     0x3'0004     0x48  aps-no-trust-center.o [60]
      .text              ro code     0x3'004c    0x4a8  gp-sink-table.o [37]
      .text              ro code     0x3'04f4      0x4  cbke-crypto-engine-dsa-verify-stub.o [29]
      .text              ro code     0x3'04f8      0x4  cbke-crypto-engine-dsa-verify-283k1-stub.o [28]
      .text              ro code     0x3'04fc      0x4  faults-v7m.o [15]
      .text              ro code     0x3'0500      0x4  faults-v7m.o [15]
      .text              ro code     0x3'0504      0x4  faults-v7m.o [15]
      .text              ro code     0x3'0508      0x4  faults-v7m.o [15]
      .text              ro code     0x3'050c      0x4  faults-v7m.o [15]
      .text              ro code     0x3'0510      0x4  isr-stubs.o [15]
      .text              ro code     0x3'0514    0x174  em_adc.o [13]
      .text              ro code     0x3'0688    0x100  adc-efr32.o [2]
      .text              ro code     0x3'0788     0xb0  main.o [34]
      .text              ro code     0x3'0838      0x2  sl_mbedtls.o [17]
      .text              ro code     0x3'083c     0x10  rfhal_rfsense.o [40]
      .text              ro code     0x3'084c     0x22  fpinit_M.o [41]
      .text              ro code     0x3'0870     0x1e  cmain.o [55]
      .text              ro code     0x3'088e      0x4  low_level_init.o [33]
      .text              ro code     0x3'0894     0x28  data_init.o [55]
      .text              ro code     0x3'08bc      0x4  exit.o [33]
      .text              ro code     0x3'08c0      0xa  cexit.o [55]
      .text              ro code     0x3'08cc      0xc  XXexit.o [55]
      .text              ro code     0x3'08d8      0xe  startup_efr32mg12p.o [38]
      .text              ro code     0x3'08e6      0xc  cstartup_M.o [55]
    .rodata              const       0x3'08f4     0x1c  sim-eeprom2.o [22]
    .rodata              const       0x3'0910     0x30  sim-eeprom2.o [22]
    .rodata              const       0x3'0940      0x4  sim-eeprom2.o [22]
    .rodata              const       0x3'0944     0x24  sim-eeprom2.o [22]
    .rodata              const       0x3'0968     0x28  serial.o [21]
    .rodata              const       0x3'0990      0x8  com.o [20]
    .rodata              const       0x3'0998     0x10  ember-configuration.o [18]
    .rodata              const       0x3'09a8     0x18  serial-interface-uart.o [18]
    .rodata              const       0x3'09c0     0x24  serial-interface-uart.o [18]
    .rodata              const       0x3'09e4     0x10  crypto_management.o [17]
    .rodata              const       0x3'09f4     0x10  led.o [16]
    .rodata              const       0x3'0a04     0x14  assert-crash-handlers.o [15]
    .rodata              const       0x3'0a18     0x24  cstartup-common.o [15]
    .rodata              const       0x3'0a3c     0x14  hal-config.o [15]
    .rodata              const       0x3'0a50     0x10  hal-config.o [15]
    .rodata              const       0x3'0a60     0x14  hal-config.o [15]
    .rodata              const       0x3'0a74     0x10  hal-config.o [15]
    .rodata              const       0x3'0a84      0xc  mfg-token.o [15]
    .rodata              const       0x3'0a90      0x8  mfg-token.o [15]
    .rodata              const       0x3'0a98      0xc  micro-common.o [15]
    .rodata              const       0x3'0aa4      0x8  micro.o [15]
    .rodata              const       0x3'0aac      0x8  micro.o [15]
    .rodata              const       0x3'0ab4      0xc  sl_power_manager.o [15]
    .rodata              const       0x3'0ac0      0xc  sleep-efm32.o [15]
    .rodata              const       0x3'0acc     0x10  sleep-efm32.o [15]
    .rodata              const       0x3'0adc     0x48  token-def.o [15]
    .rodata              const       0x3'0b24     0x24  token-def.o [15]
    .rodata              const       0x3'0b48     0x24  token-def.o [15]
    .rodata              const       0x3'0b6c     0x24  token-def.o [15]
    .rodata              const       0x3'0b90      0x4  token-def.o [15]
    .rodata              const       0x3'0b94     0x14  token-def.o [15]
    .rodata              const       0x3'0ba8      0x4  token-def.o [15]
    .rodata              const       0x3'0bac      0x4  token-def.o [15]
    .rodata              const       0x3'0bb0     0x14  token-def.o [15]
    .rodata              const       0x3'0bc4     0x10  token-def.o [15]
    .rodata              const       0x3'0bd4     0x1c  token-def.o [15]
    .rodata              const       0x3'0bf0      0x8  token-def.o [15]
    .rodata              const       0x3'0bf8      0xc  token-def.o [15]
    .rodata              const       0x3'0c04     0x18  token-def.o [15]
    .rodata              const       0x3'0c1c     0x14  token-def.o [15]
    .rodata              const       0x3'0c30     0x10  token-def.o [15]
    .rodata              const       0x3'0c40     0x14  token-def.o [15]
    .rodata              const       0x3'0c54     0x1c  token-def.o [15]
    .rodata              const       0x3'0c70      0x8  token-def.o [15]
    .rodata              const       0x3'0c78      0xc  token-def.o [15]
    .rodata              const       0x3'0c84      0x4  token-def.o [15]
    .rodata              const       0x3'0c88     0x10  token-def.o [15]
    .rodata              const       0x3'0c98      0xc  token-def.o [15]
    .rodata              const       0x3'0ca4     0x1c  token-def.o [15]
    .rodata              const       0x3'0cc0     0x5c  token-def.o [15]
    .rodata              const       0x3'0d1c     0x10  token-def.o [15]
    .rodata              const       0x3'0d2c     0x28  token-def.o [15]
    .rodata              const       0x3'0d54     0x14  token-def.o [15]
    .rodata              const       0x3'0d68     0x34  token-def.o [15]
    .rodata              const       0x3'0d9c      0x4  token-def.o [15]
    .rodata              const       0x3'0da0     0x30  token-def.o [15]
    .rodata              const       0x3'0dd0      0x4  token-def.o [15]
    .rodata              const       0x3'0dd4      0xc  token-def.o [15]
    .rodata              const       0x3'0de0     0x90  token-def.o [15]
    .rodata              const       0x3'0e70      0x8  token.o [15]
    .rodata              const       0x3'0e78     0x40  bootloader-interface.o [14]
    .rodata              const       0x3'0eb8     0x28  em_cmu.o [13]
    .rodata              const       0x3'0ee0     0x48  em_rmu.o [13]
    .rodata              const       0x3'0f28     0x10  dmadrv.o [12]
    .rodata              const       0x3'0f38     0x10  dmadrv.o [12]
    .rodata              const       0x3'0f48      0x4  dmadrv.o [12]
    .rodata              const       0x3'0f4c      0xc  sl_sleeptimer_hal_rtcc.o [12]
    .rodata              const       0x3'0f58      0x8  sl_sleeptimer_hal_rtcc.o [12]
    .rodata              const       0x3'0f60      0x8  uartdrv.o [12]
    .rodata              const       0x3'0f68     0x1c  uartdrv.o [12]
    .rodata              const       0x3'0f84     0x10  ustimer.o [12]
    .rodata              const       0x3'0f94     0x24  ember-printf.o [11]
    .rodata              const       0x3'0fb8     0x10  debug-jtag-efr32.o [9]
    .rodata              const       0x3'0fc8      0xc  SEGGER_RTT.o [8]
    .rodata              const       0x3'0fd4      0x8  SEGGER_RTT.o [8]
    .rodata              const       0x3'0fdc      0xc  adc-efr32.o [2]
    .rodata              const       0x3'0fe8      0x8  adc-efr32.o [2]
    .rodata              const       0x3'0ff0      0x8  adc-efr32.o [2]
    .rodata              const       0x3'0ff8      0x8  ezsp-command-handler.o [1]
    .rodata              const       0x3'1000      0x8  ezsp-command-handler.o [1]
    .rodata              const       0x3'1008      0x8  ezsp-command-handler.o [1]
    .rodata              const       0x3'1010      0x8  ezsp-command-handler.o [1]
    .rodata              const       0x3'1018      0x8  ezsp-command-handler.o [1]
    .rodata              const       0x3'1020      0x8  ezsp-command-handler.o [1]
    .rodata              const       0x3'1028      0x8  ezsp-command-handler.o [1]
    .rodata              const       0x3'1030      0x8  ezsp-command-handler.o [1]
    .rodata              const       0x3'1038      0x8  ezsp-command-handler.o [1]
    .rodata              const       0x3'1040      0x8  ezsp-command-handler.o [1]
    .rodata              const       0x3'1048     0x18  ncp-callback-stubs.o [1]
    .rodata              const       0x3'1060     0x38  ncp-events.o [1]
    .rodata              const       0x3'1098     0x20  pa_curves_efr32.o [40]
    .rodata              const       0x3'10b8     0x98  pa_curves_efr32.o [40]
    .rodata              const       0x3'1150      0x1  trust-center-util.o [60]
    .rodata              const       0x3'1152      0x2  sim-eeprom2.o [22]
    .rodata              const       0x3'1154      0x1  binding-table.o [24]
    .rodata              const       0x3'1156      0x2  sim-eeprom2.o [22]
    .rodata              const       0x3'1158      0x1  route-table.o [60]
    .rodata              const       0x3'115a      0x2  sim-eeprom2.o [22]
    .rodata              const       0x3'115c      0x1  zll-api.o [62]
    .rodata              const       0x3'115e      0x2  sim-eeprom2.o [22]
    .rodata              const       0x3'1160      0x8  ember-version.o [60]
    .rodata              const       0x3'1168      0x8  rail_ieee802154_rf_hal.o [40]
    .rodata              const       0x3'1170      0xc  zll-interpan.o [62]
    .rodata              const       0x3'117c    0x28c  ieee802154_efr32xg12_configurator_out.o [40]
    .rodata              const       0x3'1408   0x17fc  generic_efr32xg12_seq.o [40]
    .rodata              const       0x3'2c04      0x2  sim-eeprom2.o [22]
    .rodata              const       0x3'2c06      0x2  sim-eeprom2.o [22]
    .rodata              const       0x3'2c08      0x2  sim-eeprom2.o [22]
    .rodata              const       0x3'2c0a      0x2  sim-eeprom2.o [22]
    .rodata              const       0x3'2c0c      0x2  sim-eeprom2.o [22]
    .rodata              const       0x3'2c0e      0x2  sim-eeprom2.o [22]
    .rodata              const       0x3'2c10      0x2  mfg-token.o [15]
    .rodata              const       0x3'2c12      0x2  mfg-token.o [15]
    .rodata              const       0x3'2c14      0x2  mfg-token.o [15]
    .rodata              const       0x3'2c16      0x2  mfg-token.o [15]
    .rodata              const       0x3'2c18      0x2  mfg-token.o [15]
    .rodata              const       0x3'2c1a      0x2  mfg-token.o [15]
    .rodata              const       0x3'2c1c      0x2  mfg-token.o [15]
    .rodata              const       0x3'2c1e      0x2  mfg-token.o [15]
    .rodata              const       0x3'2c20      0x2  mfg-token.o [15]
    .rodata              const       0x3'2c22      0x2  mfg-token.o [15]
    .rodata              const       0x3'2c24      0x2  mfg-token.o [15]
    .rodata              const       0x3'2c26      0x2  mfg-token.o [15]
    .rodata              const       0x3'2c28      0x2  mfg-token.o [15]
    .rodata              const       0x3'2c2a      0x2  mfg-token.o [15]
    .rodata              const       0x3'2c2c      0x2  mfg-token.o [15]
    .rodata              const       0x3'2c2e      0x2  sl_power_manager_hal_s0_s1.o [15]
    .rodata              const       0x3'2c30      0x2  token-def.o [15]
    .rodata              const       0x3'2c32      0x2  token-def.o [15]
    .rodata              const       0x3'2c34      0x2  token-def.o [15]
    .rodata              const       0x3'2c36      0x2  token-def.o [15]
    .rodata              const       0x3'2c38      0x1  end-device-bind.o [36]
    .rodata              const       0x3'2c39      0x1  sim-eeprom2.o [22]
    .rodata              const       0x3'2c3a      0x1  em260-common.o [18]
    .rodata              const       0x3'2c3b      0x1  em260-common.o [18]
    .rodata              const       0x3'2c3c      0x1  em260-common.o [18]
    .rodata              const       0x3'2c3d      0x1  em260-common.o [18]
    .rodata              const       0x3'2c3e      0x1  ember-configuration.o [18]
    .rodata              const       0x3'2c3f      0x1  serial-interface-uart.o [18]
    .rodata              const       0x3'2c40      0x1  sl_power_manager_hal_s0_s1.o [15]
    .rodata              const       0x3'2c41      0x1  token-def.o [15]
    .rodata              const       0x3'2c42      0x1  token-def.o [15]
    .rodata              const       0x3'2c43      0x1  token-def.o [15]
    .rodata              const       0x3'2c44      0x1  aps-keys-full.o [56]
    .rodata              const       0x3'2c45      0x1  cbke-crypto-engine-163k1-stub.o [25]
    .rodata              const       0x3'2c46      0x1  cbke-crypto-engine-283k1-stub.o [26]
    .rodata              const       0x3'2c47      0x1  cbke-crypto-engine-dsa-verify-stub.o [29]
    .rodata              const       0x3'2c48      0x1  cbke-crypto-engine-dsa-verify-283k1-stub.o [28]
    .rodata              const       0x3'2c49      0x1  ember-multi-network.o [43]
    .rodata              const       0x3'2c4a      0x1  main.o [34]
    .rodata              const       0x3'2c4b      0x1  multi-pan.o [44]
    .rodata              const       0x3'2c4c      0x1  cbke-crypto-engine-stub.o [30]
    .rodata              const       0x3'2c4d      0x1  cbke-crypto-engine-dsa-sign-stub.o [27]
    .rodata              const       0x3'2c4e      0x1  enhanced-beacon-request-stub.o [61]
    .rodata              const       0x3'2c4f      0x1  install-code-tokens.o [39]
    .rodata              const       0x3'2c50      0x1  packet-validate.o [54]
    .rodata              const       0x3'2c51      0x0  zero_init3.o [55]
    .rodata              const       0x3'2c51      0x0  lz77_init_single.o [55]
    .data_init                       0x3'2c51    0x252  <Block>
      Initializer bytes  const       0x3'2c51    0x252  <for rw section .data-1>
    .iar.init_table      const       0x3'2ea4     0x38  - Linker created -
                                   - 0x3'2edc  0x32cdc

"SIMEE&LOCKBITS":                               0x9000
  SIMEE                              0xf'7000   0x9000  <Block>
    SIMEE                uninit      0xf'7000   0x9000  sim-eeprom2.o [22]
                                  - 0x10'0000   0x9000

"ResetHeap":                                    0x1c68
  RESETHEAP                       0x2000'0000   0x1c68  <Block>
    RESETINFO                     0x2000'0000     0x9c  <Block>
      RESETINFO          rw data  0x2000'0000      0x0  faults-v7m.o [15]
      RESETINFO          rw data  0x2000'0000      0x0  isr-stubs.o [15]
      RESETINFO          uninit   0x2000'0000     0x9c  cstartup-common.o [15]
    ALIGN_EMHEAP                  0x2000'00a0   0x1bc8  <Block>
      EMHEAP                      0x2000'00a0   0x1bc8  <Block>
        EMHEAP           uninit   0x2000'00a0   0x1bc8  ember-configuration.o [18]
                                - 0x2000'1c68   0x1c68

"Guard":                                          0x38
  GUARD_REGION           zero     0x2000'1c80     0x20  cstartup-common.o [15]
                                - 0x2000'1ca0     0x38

"APP rw":                                       0x306c
  APPRW_block                     0x2003'cf80   0x306c  <Block>
    ALIGN_CSTACK                  0x2003'cf80    0x960  <Block>
      CSTACK                      0x2003'cf80    0x960  <Block>
        CSTACK           rw data  0x2003'cf80      0x0  faults-v7m.o [15]
        CSTACK           rw data  0x2003'cf80      0x0  isr-stubs.o [15]
        CSTACK           uninit   0x2003'cf80    0x960  cstartup-common.o [15]
    .textrw                       0x2003'd8e0     0x64  <Block>
      .textrw-1                   0x2003'd8e0     0x64  <Init block>
        .textrw          inited   0x2003'd8e0     0x14  em_emu.o [13]
        .textrw          inited   0x2003'd8f4     0x50  em_msc.o [13]
    rw section .data-1            0x2003'd944    0x589  <Init block>
      .data              inited   0x2003'd944      0x4  sim-eeprom2.o [22]
      .data              inited   0x2003'd948     0x80  com.o [20]
      .data              inited   0x2003'd9c8     0x80  com.o [20]
      .data              inited   0x2003'da48      0x4  ember-configuration.o [18]
      .data              inited   0x2003'da4c      0x4  ember-configuration.o [18]
      .data              inited   0x2003'da50      0x4  ember-configuration.o [18]
      .data              inited   0x2003'da54      0x4  ember-configuration.o [18]
      .data              inited   0x2003'da58      0x4  ember-configuration.o [18]
      .data              inited   0x2003'da5c      0x4  ember-configuration.o [18]
      .data              inited   0x2003'da60      0x4  ember-configuration.o [18]
      .data              inited   0x2003'da64      0x4  ember-configuration.o [18]
      .data              inited   0x2003'da68      0x4  ember-configuration.o [18]
      .data              inited   0x2003'da6c      0x4  ember-configuration.o [18]
      .data              inited   0x2003'da70      0x4  ember-configuration.o [18]
      .data              inited   0x2003'da74      0x4  ember-configuration.o [18]
      .data              inited   0x2003'da78      0x4  ember-configuration.o [18]
      .data              inited   0x2003'da7c      0x4  ember-configuration.o [18]
      .data              inited   0x2003'da80      0x4  ember-configuration.o [18]
      .data              inited   0x2003'da84      0x4  ember-configuration.o [18]
      .data              inited   0x2003'da88      0x4  ember-configuration.o [18]
      .data              inited   0x2003'da8c      0x4  ember-configuration.o [18]
      .data              inited   0x2003'da90      0x4  ember-configuration.o [18]
      .data              inited   0x2003'da94      0x4  ember-configuration.o [18]
      .data              inited   0x2003'da98      0x4  ember-configuration.o [18]
      .data              inited   0x2003'da9c      0x4  ember-configuration.o [18]
      .data              inited   0x2003'daa0      0x4  ember-configuration.o [18]
      .data              inited   0x2003'daa4      0x4  ember-configuration.o [18]
      .data              inited   0x2003'daa8      0x4  ember-configuration.o [18]
      .data              inited   0x2003'daac      0x4  micro.o [15]
      .data              inited   0x2003'dab0      0x8  sleep-efm32.o [15]
      .data              inited   0x2003'dab8      0x4  em_cmu.o [13]
      .data              inited   0x2003'dabc      0x4  system_efr32mg12p.o [13]
      .data              inited   0x2003'dac0      0x4  system_efr32mg12p.o [13]
      .data              inited   0x2003'dac4      0x4  system_efr32mg12p.o [13]
      .data              inited   0x2003'dac8      0x4  system_efr32mg12p.o [13]
      .data              inited   0x2003'dacc      0x4  debug-jtag-efr32.o [9]
      .data              inited   0x2003'dad0     0x14  lower-mac-rail-802.15.4.o [60]
      .data              inited   0x2003'dae4    0x174  lower-mac-rail-802.15.4.o [60]
      .data              inited   0x2003'dc58      0x4  lower-mac-rail-802.15.4.o [60]
      .data              inited   0x2003'dc5c     0x18  sim-eeprom2-internal.o [58]
      .data              inited   0x2003'dc74      0x4  buffer-management.o [60]
      .data              inited   0x2003'dc78      0x8  command-handlers-zigbee-pro.o [50]
      .data              inited   0x2003'dc80     0x30  polling.o [50]
      .data              inited   0x2003'dcb0      0x4  association.o [60]
      .data              inited   0x2003'dcb4      0x4  beacon-handling.o [60]
      .data              inited   0x2003'dcb8      0x8  zigbee-stack.o [60]
      .data              inited   0x2003'dcc0     0xc8  zigbee-stack.o [60]
      .data              inited   0x2003'dd88      0xc  application-support.o [60]
      .data              inited   0x2003'dd94     0x10  timers.o [34]
      .data              inited   0x2003'dda4     0x10  rail_rf.o [40]
      .data              inited   0x2003'ddb4      0x4  mac-flat-header.o [60]
      .data              inited   0x2003'ddb8      0x8  scan.o [60]
      .data              inited   0x2003'ddc0     0x20  rail_rf_hal.o [40]
      .data              inited   0x2003'dde0      0x8  rail_rf_hal.o [40]
      .data              inited   0x2003'dde8     0x34  rail_power_manager.o [40]
      .data              inited   0x2003'de1c      0x8  rail_assert.o [40]
      .data              inited   0x2003'de24      0x4  multi-network.o [60]
      .data              inited   0x2003'de28     0x1c  rfhal_pa.o [40]
      .data              inited   0x2003'de44      0x4  rfhal_radio.o [40]
      .data              inited   0x2003'de48      0x8  rfhal_radio.o [40]
      .data              inited   0x2003'de50      0x4  ieee802154_efr32xg12_configurator_out.o [40]
      .data              inited   0x2003'de54      0x4  rail_zwave_rf_hal.o [40]
      .data              inited   0x2003'de58      0x2  ember-configuration.o [18]
      .data              inited   0x2003'de5a      0x2  ember-configuration.o [18]
      .data              inited   0x2003'de5c      0x2  ember-configuration.o [18]
      .data              inited   0x2003'de5e      0x2  ember-configuration.o [18]
      .data              inited   0x2003'de60      0x2  ember-configuration.o [18]
      .data              inited   0x2003'de62      0x2  random.o [15]
      .data              inited   0x2003'de64      0x2  random.o [15]
      .data              inited   0x2003'de66      0x8  zigbee-device.o [60]
      .data              inited   0x2003'de6e      0x2  command-handlers-security.o [51]
      .data              inited   0x2003'de70      0x2  association.o [60]
      .data              inited   0x2003'de72      0x2  aps-security.o [60]
      .data              inited   0x2003'de74      0x4  zll-api.o [62]
      .data              inited   0x2003'de78      0x2  leave.o [60]
      .data              inited   0x2003'de7a      0x4  management.o [60]
      .data              inited   0x2003'de7e      0x2  end-device-bind.o [36]
      .data              inited   0x2003'de80      0x2  zigbee-mac-header.o [60]
      .data              inited   0x2003'de82      0x2  source-route-update.o [59]
      .data              inited   0x2003'de84      0x2  mac-command.o [60]
      .data              inited   0x2003'de86      0x2  child-handling.o [60]
      .data              inited   0x2003'de88      0x1  ember-configuration.o [18]
      .data              inited   0x2003'de89      0x1  ember-configuration.o [18]
      .data              inited   0x2003'de8a      0x1  ember-configuration.o [18]
      .data              inited   0x2003'de8b      0x1  ember-configuration.o [18]
      .data              inited   0x2003'de8c      0x1  ember-configuration.o [18]
      .data              inited   0x2003'de8d      0x1  ember-configuration.o [18]
      .data              inited   0x2003'de8e      0x1  ember-configuration.o [18]
      .data              inited   0x2003'de8f      0x1  ember-configuration.o [18]
      .data              inited   0x2003'de90      0x1  ember-configuration.o [18]
      .data              inited   0x2003'de91      0x1  ember-configuration.o [18]
      .data              inited   0x2003'de92      0x1  ember-configuration.o [18]
      .data              inited   0x2003'de93      0x1  ember-configuration.o [18]
      .data              inited   0x2003'de94      0x1  ember-configuration.o [18]
      .data              inited   0x2003'de95      0x1  ember-configuration.o [18]
      .data              inited   0x2003'de96      0x1  ember-configuration.o [18]
      .data              inited   0x2003'de97      0x1  ember-configuration.o [18]
      .data              inited   0x2003'de98      0x1  ember-configuration.o [18]
      .data              inited   0x2003'de99      0x1  ember-configuration.o [18]
      .data              inited   0x2003'de9a      0x1  ember-configuration.o [18]
      .data              inited   0x2003'de9b      0x1  ember-configuration.o [18]
      .data              inited   0x2003'de9c      0x1  ember-configuration.o [18]
      .data              inited   0x2003'de9d      0x1  ember-configuration.o [18]
      .data              inited   0x2003'de9e      0x1  ember-configuration.o [18]
      .data              inited   0x2003'de9f      0x1  ember-configuration.o [18]
      .data              inited   0x2003'dea0      0x1  ember-configuration.o [18]
      .data              inited   0x2003'dea1      0x1  ember-configuration.o [18]
      .data              inited   0x2003'dea2      0x1  ember-configuration.o [18]
      .data              inited   0x2003'dea3      0x1  ember-configuration.o [18]
      .data              inited   0x2003'dea4      0x1  ember-configuration.o [18]
      .data              inited   0x2003'dea5      0x1  ember-configuration.o [18]
      .data              inited   0x2003'dea6      0x1  ember-configuration.o [18]
      .data              inited   0x2003'dea7      0x1  ember-configuration.o [18]
      .data              inited   0x2003'dea8      0x1  ember-configuration.o [18]
      .data              inited   0x2003'dea9      0x1  sl_sleeptimer_hal_rtcc.o [12]
      .data              inited   0x2003'deaa      0x1  lower-mac-rail-802.15.4.o [60]
      .data              inited   0x2003'deab      0x1  lower-mac-rail-802.15.4.o [60]
      .data              inited   0x2003'deac      0x2  lower-mac-rail-802.15.4.o [60]
      .data              inited   0x2003'deae      0x1  aps-retry.o [60]
      .data              inited   0x2003'deaf      0x1  command-handlers-binding.o [46]
      .data              inited   0x2003'deb0      0x2  command-handlers-zigbee-pro.o [50]
      .data              inited   0x2003'deb2      0x1  zigbee-device-util.o [60]
      .data              inited   0x2003'deb3      0x1  zigbee-device-util.o [60]
      .data              inited   0x2003'deb4      0x1  zigbee-device-util.o [60]
      .data              inited   0x2003'deb5      0x1  zigbee-scan.o [60]
      .data              inited   0x2003'deb6      0x1  association.o [60]
      .data              inited   0x2003'deb7      0x1  association.o [60]
      .data              inited   0x2003'deb8      0x1  beacon-handling.o [60]
      .data              inited   0x2003'deb9      0x1  aps-security.o [60]
      .data              inited   0x2003'deba      0x1  aps-keys.o [60]
      .data              inited   0x2003'debb      0x1  neighbor.o [60]
      .data              inited   0x2003'debc      0x1  neighbor.o [60]
      .data              inited   0x2003'debd      0x1  zll-api.o [62]
      .data              inited   0x2003'debe      0x1  network.o [60]
      .data              inited   0x2003'debf      0x1  network.o [60]
      .data              inited   0x2003'dec0      0x1  command-handlers.o [34]
      .data              inited   0x2003'dec1      0x1  ember-multi-network.o [43]
      .data              inited   0x2003'dec2      0x1  mac-child.o [60]
      .data              inited   0x2003'dec3      0x1  mac-child.o [60]
      .data              inited   0x2003'dec4      0x2  main.o [34]
      .data              inited   0x2003'dec6      0x1  source-route-table.o [59]
      .data              inited   0x2003'dec7      0x1  zdo-channel.o [60]
      .data              inited   0x2003'dec8      0x1  broadcast.o [60]
      .data              inited   0x2003'dec9      0x1  token-cache.o [60]
      .data              inited   0x2003'deca      0x1  route-discovery.o [60]
      .data              inited   0x2003'decb      0x1  zll-interpan.o [62]
      .data              inited   0x2003'decc      0x1  packet-validate.o [54]
    .bss                          0x2003'ded0   0x211c  <Block>
      .bss               zero     0x2003'ded0     0x34  lower-mac-rail-802.15.4.o [60]
      .bss               zero     0x2003'df04     0x24  sim-eeprom2.o [22]
      .bss               zero     0x2003'df28     0x40  indirect-queue.o [60]
      .bss               zero     0x2003'df68     0x90  rfhal_bufc.o [40]
      .bss               zero     0x2003'dff8     0x2c  generic_phy.o [40]
      .bss               zero     0x2003'e024    0x1ac  sim-eeprom2.o [22]
      .bss               zero     0x2003'e1d0     0x48  com.o [20]
      .bss               zero     0x2003'e218     0x88  com.o [20]
      .bss               zero     0x2003'e2a0     0x88  com.o [20]
      .bss               zero     0x2003'e328     0x88  com.o [20]
      .bss               zero     0x2003'e3b0     0x38  com.o [20]
      .bss               zero     0x2003'e3e8     0x38  com.o [20]
      .bss               zero     0x2003'e420      0x4  ember-configuration.o [18]
      .bss               zero     0x2003'e424     0xa8  ember-configuration.o [18]
      .bss               zero     0x2003'e4cc     0x10  ember-configuration.o [18]
      .bss               zero     0x2003'e4dc     0x10  ember-configuration.o [18]
      .bss               zero     0x2003'e4ec     0x10  ember-configuration.o [18]
      .bss               zero     0x2003'e4fc     0x10  ember-configuration.o [18]
      .bss               zero     0x2003'e50c     0x10  ember-configuration.o [18]
      .bss               zero     0x2003'e51c     0x10  ember-configuration.o [18]
      .bss               zero     0x2003'e52c     0x10  ember-configuration.o [18]
      .bss               zero     0x2003'e53c     0x10  ember-configuration.o [18]
      .bss               zero     0x2003'e54c     0x10  ember-configuration.o [18]
      .bss               zero     0x2003'e55c     0x10  ember-configuration.o [18]
      .bss               zero     0x2003'e56c     0x3c  ember-configuration.o [18]
      .bss               zero     0x2003'e5a8      0x4  serial-interface-uart.o [18]
      .bss               zero     0x2003'e5ac      0x8  cstartup-common.o [15]
      .bss               zero     0x2003'e5b4      0x4  sl_mpu.o [15]
      .bss               zero     0x2003'e5b8      0x4  sl_power_manager.o [15]
      .bss               zero     0x2003'e5bc     0x18  sl_power_manager.o [15]
      .bss               zero     0x2003'e5d4      0x4  sl_power_manager.o [15]
      .bss               zero     0x2003'e5d8      0x4  sl_power_manager.o [15]
      .bss               zero     0x2003'e5dc      0x4  sl_power_manager.o [15]
      .bss               zero     0x2003'e5e0      0x4  sl_power_manager_hal_s0_s1.o [15]
      .bss               zero     0x2003'e5e4      0x4  sl_power_manager_hal_s0_s1.o [15]
      .bss               zero     0x2003'e5e8      0x4  sl_power_manager_hal_s0_s1.o [15]
      .bss               zero     0x2003'e5ec      0x8  sleep-efm32.o [15]
      .bss               zero     0x2003'e5f4      0x4  sleep-efm32.o [15]
      .bss               zero     0x2003'e5f8      0x4  sleep-efm32.o [15]
      .bss               zero     0x2003'e5fc      0x4  em_emu.o [13]
      .bss               zero     0x2003'e600      0x4  em_emu.o [13]
      .bss               zero     0x2003'e604     0x80  dmadrv.o [12]
      .bss               zero     0x2003'e684    0x100  dmadrv.o [12]
      .bss               zero     0x2003'e784     0x40  gpiointerrupt.o [12]
      .bss               zero     0x2003'e7c4      0x4  sl_sleeptimer.o [12]
      .bss               zero     0x2003'e7c8      0x4  sl_sleeptimer.o [12]
      .bss               zero     0x2003'e7cc      0x4  sl_sleeptimer.o [12]
      .bss               zero     0x2003'e7d0      0x4  sl_sleeptimer.o [12]
      .bss               zero     0x2003'e7d4     0x28  tempdrv.o [12]
      .bss               zero     0x2003'e7fc     0x28  tempdrv.o [12]
      .bss               zero     0x2003'e824      0x8  tempdrv.o [12]
      .bss               zero     0x2003'e82c      0x4  tempdrv.o [12]
      .bss               zero     0x2003'e830      0x4  tempdrv.o [12]
      .bss               zero     0x2003'e834      0x4  tempdrv.o [12]
      .bss               zero     0x2003'e838      0x4  tempdrv.o [12]
      .bss               zero     0x2003'e83c     0x18  uartdrv.o [12]
      .bss               zero     0x2003'e854     0x10  uartdrv.o [12]
      .bss               zero     0x2003'e864      0x4  ustimer.o [12]
      .bss               zero     0x2003'e868      0x4  ustimer.o [12]
      .bss               zero     0x2003'e86c     0x40  debug-jtag-efr32.o [9]
      .bss               zero     0x2003'e8ac     0xa8  SEGGER_RTT.o [8]
      .bss               zero     0x2003'e954    0x400  SEGGER_RTT.o [8]
      .bss               zero     0x2003'ed54    0x400  SEGGER_RTT.o [8]
      .bss               zero     0x2003'f154     0x10  ccm-star.o [6]
      .bss               zero     0x2003'f164      0x4  ccm-star.o [6]
      .bss               zero     0x2003'f168      0x4  ccm-star.o [6]
      .bss               zero     0x2003'f16c      0xc  adc-efr32.o [2]
      .bss               zero     0x2003'f178      0x8  adc-efr32.o [2]
      .bss               zero     0x2003'f180     0x68  lower-mac-rail-802.15.4.o [60]
      .bss               zero     0x2003'f1e8      0x4  lower-mac-rail-802.15.4.o [60]
      .bss               zero     0x2003'f1ec      0x8  debug-extended.o [32]
      .bss               zero     0x2003'f1f4      0xc  debug-extended.o [32]
      .bss               zero     0x2003'f200     0x10  sim-eeprom2-internal.o [58]
      .bss               zero     0x2003'f210     0x20  buffer-management.o [60]
      .bss               zero     0x2003'f230     0x1c  system-timer.o [38]
      .bss               zero     0x2003'f24c      0x4  ezsp-frame-utilities.o [34]
      .bss               zero     0x2003'f250      0x4  ezsp-frame-utilities.o [34]
      .bss               zero     0x2003'f254    0x104  ash-ncp.o [45]
      .bss               zero     0x2003'f358     0x28  pa_conversions_efr32.o [40]
      .bss               zero     0x2003'f380     0x24  aes-efm32.o [60]
      .bss               zero     0x2003'f3a4      0xe  aps-retry.o [60]
      .bss               zero     0x2003'f3b2      0x2  ember-configuration.o [18]
      .bss               zero     0x2003'f3b4      0x8  polling.o [50]
      .bss               zero     0x2003'f3bc      0x8  polling.o [50]
      .bss               zero     0x2003'f3c4      0x8  polling.o [50]
      .bss               zero     0x2003'f3cc      0x8  polling.o [50]
      .bss               zero     0x2003'f3d4      0x8  aps-keys-transient.o [56]
      .bss               zero     0x2003'f3dc     0x26  gp-data.o [37]
      .bss               zero     0x2003'f402      0x2  ember-configuration.o [18]
      .bss               zero     0x2003'f404     0x18  gp-data.o [37]
      .bss               zero     0x2003'f41c      0xc  zigbee-device-util.o [60]
      .bss               zero     0x2003'f428     0x18  zigbee-scan.o [60]
      .bss               zero     0x2003'f440      0x8  zigbee-scan.o [60]
      .bss               zero     0x2003'f448     0x24  association.o [60]
      .bss               zero     0x2003'f46c     0x18  association.o [60]
      .bss               zero     0x2003'f484      0xe  beacon-handling.o [60]
      .bss               zero     0x2003'f492      0x2  ember-configuration.o [18]
      .bss               zero     0x2003'f494      0xc  beacon-handling.o [60]
      .bss               zero     0x2003'f4a0     0x10  aps-security.o [60]
      .bss               zero     0x2003'f4b0      0x8  neighbor.o [60]
      .bss               zero     0x2003'f4b8     0x28  zll-api.o [62]
      .bss               zero     0x2003'f4e0     0x18  zll-api.o [62]
      .bss               zero     0x2003'f4f8      0xc  zll-api.o [62]
      .bss               zero     0x2003'f504      0x4  zll-api.o [62]
      .bss               zero     0x2003'f508     0x2c  zll-api.o [62]
      .bss               zero     0x2003'f534      0x8  gp-sink-table.o [37]
      .bss               zero     0x2003'f53c      0xc  leave.o [60]
      .bss               zero     0x2003'f548      0x4  network.o [60]
      .bss               zero     0x2003'f54c     0x10  network.o [60]
      .bss               zero     0x2003'f55c      0x8  network.o [60]
      .bss               zero     0x2003'f564      0x8  timers.o [34]
      .bss               zero     0x2003'f56c      0x8  timers.o [34]
      .bss               zero     0x2003'f574      0xc  rail_singleprotocol.o [40]
      .bss               zero     0x2003'f580    0x200  rail_data.o [40]
      .bss               zero     0x2003'f780     0x1c  ember-multi-network.o [43]
      .bss               zero     0x2003'f79c      0x4  event-control.o [60]
      .bss               zero     0x2003'f7a0      0x8  mac-header.o [60]
      .bss               zero     0x2003'f7a8      0x8  eui64.o [60]
      .bss               zero     0x2003'f7b0     0x34  mac-child.o [60]
      .bss               zero     0x2003'f7e4    0x400  upper-mac.o [60]
      .bss               zero     0x2003'fbe4      0x8  upper-mac.o [60]
      .bss               zero     0x2003'fbec     0x10  indirect-queue.o [60]
      .bss               zero     0x2003'fbfc     0x34  scan.o [60]
      .bss               zero     0x2003'fc30     0x18  rail_rf_hal.o [40]
      .bss               zero     0x2003'fc48      0x4  rail_rf_hal.o [40]
      .bss               zero     0x2003'fc4c      0xc  zigbee-dispatch.o [60]
      .bss               zero     0x2003'fc58     0x1c  end-device-bind.o [36]
      .bss               zero     0x2003'fc74     0x14  zdo-channel.o [60]
      .bss               zero     0x2003'fc88      0x4  aps-encryption.o [60]
      .bss               zero     0x2003'fc8c     0x10  retry.o [60]
      .bss               zero     0x2003'fc9c     0x12  jit.o [60]
      .bss               zero     0x2003'fcae      0x2  ember-configuration.o [18]
      .bss               zero     0x2003'fcb0      0xc  memory-allocation.o [34]
      .bss               zero     0x2003'fcbc      0xc  zigbee-mac-header.o [60]
      .bss               zero     0x2003'fcc8     0x18  zll-interpan.o [62]
      .bss               zero     0x2003'fce0      0xe  child-handling.o [60]
      .bss               zero     0x2003'fcee      0x2  ember-configuration.o [18]
      .bss               zero     0x2003'fcf0      0x8  child-handling.o [60]
      .bss               zero     0x2003'fcf8      0x8  enhanced-beacon-request-stub.o [61]
      .bss               zero     0x2003'fd00     0x20  unicast-table.o [60]
      .bss               zero     0x2003'fd20     0x10  zll-address-assignment.o [62]
      .bss               zero     0x2003'fd30     0x10  store-forward.o [60]
      .bss               zero     0x2003'fd40     0x54  counters.o [34]
      .bss               zero     0x2003'fd94     0x54  counters.o [34]
      .bss               zero     0x2003'fde8     0x44  counters.o [34]
      .bss               zero     0x2003'fe2c     0x84  counters.o [34]
      .bss               zero     0x2003'feb0      0xc  rfhal_rfsense.o [40]
      .bss               zero     0x2003'febc     0x15  rfhal_ircal.o [40]
      .bss               zero     0x2003'fed1      0x3  security-address-cache.o [50]
      .bss               zero     0x2003'fed4      0x8  rfhal_protimer.o [40]
      .bss               zero     0x2003'fedc     0x10  rfhal_protimer.o [40]
      .bss               zero     0x2003'feec     0x15  rfhal_pti.o [40]
      .bss               zero     0x2003'ff01      0x2  aps-keys.o [60]
      .bss               zero     0x2003'ff03      0x1  ember-configuration.o [18]
      .bss               zero     0x2003'ff04     0x30  rfhal_rftest.o [40]
      .bss               zero     0x2003'ff34      0xc  rfhal_synth.o [40]
      .bss               zero     0x2003'ff40      0x4  rfhal_timings.o [40]
      .bss               zero     0x2003'ff44      0x2  serial-interface-uart.o [18]
      .bss               zero     0x2003'ff46      0x2  serial-interface-uart.o [18]
      .bss               zero     0x2003'ff48      0x2  serial-interface-uart.o [18]
      .bss               zero     0x2003'ff4a      0x2  cstartup-common.o [15]
      .bss               zero     0x2003'ff4c      0x2  sl_power_manager.o [15]
      .bss               zero     0x2003'ff4e      0x2  em_emu.o [13]
      .bss               zero     0x2003'ff50      0x2  em_emu.o [13]
      .bss               zero     0x2003'ff52      0x2  em_emu.o [13]
      .bss               zero     0x2003'ff54      0x2  sl_sleeptimer.o [12]
      .bss               zero     0x2003'ff56      0x4  stack-callbacks.o [34]
      .bss               zero     0x2003'ff5a      0x4  zigbee-device.o [60]
      .bss               zero     0x2003'ff5e      0x2  trust-center-util.o [60]
      .bss               zero     0x2003'ff60      0x2  command-handlers-cbke.o [47]
      .bss               zero     0x2003'ff62      0x4  route-table.o [60]
      .bss               zero     0x2003'ff66      0x2  network.o [60]
      .bss               zero     0x2003'ff68      0x2  network.o [60]
      .bss               zero     0x2003'ff6a      0x8  command-handlers.o [34]
      .bss               zero     0x2003'ff72      0x4  ash-common.o [45]
[...]
sl_scan_frame_counter   0x2003'fc14     0x4  Data  Lc  scan.o [60]
sl_scan_timer_handler      0x1'0479    0x7a  Code  Gb  scan.o [60]
sl_scan_transmit_retries
                        0x2003'fc00     0x1  Data  Lc  scan.o [60]
sl_scan_type            0x2003'fbfd     0x1  Data  Lc  scan.o [60]
sl_sleeptimer_get_remaining_time_of_first_timer
                             0x7b8b    0x4e  Code  Gb  sl_sleeptimer.o [12]
sl_sleeptimer_get_tick_count
                             0x7be7    0x18  Code  Gb  sl_sleeptimer.o [12]
sl_sleeptimer_get_tick_count64
                             0x7bff    0x2e  Code  Gb  sl_sleeptimer.o [12]
sl_sleeptimer_get_timer_frequency
                             0x7c2d     0x8  Code  Gb  sl_sleeptimer.o [12]
sl_sleeptimer_get_timer_time_remaining
                             0x7b21    0x6a  Code  Gb  sl_sleeptimer.o [12]
sl_sleeptimer_init           0x79b9    0x5c  Code  Gb  sl_sleeptimer.o [12]
sl_sleeptimer_is_timer_running
                             0x7ae9    0x38  Code  Gb  sl_sleeptimer.o [12]
sl_sleeptimer_ms32_to_tick
                             0x7c35    0x2a  Code  Gb  sl_sleeptimer.o [12]
sl_sleeptimer_restart_timer
                             0x7a4b    0x2e  Code  Gb  sl_sleeptimer.o [12]
sl_sleeptimer_restart_timer_ms
                             0x3245    0x14  Code  Lc  system-timer.o [38]
sl_sleeptimer_start_timer
                             0x7a15    0x30  Code  Gb  sl_sleeptimer.o [12]
sl_sleeptimer_start_timer_ms
                             0x3231    0x14  Code  Lc  system-timer.o [38]
sl_sleeptimer_stop_timer
                             0x7a97    0x48  Code  Gb  sl_sleeptimer.o [12]
sl_sleeptimer_tick64_to_ms
                             0x7c99    0x54  Code  Gb  sl_sleeptimer.o [12]
sl_sleeptimer_tick_to_ms
                             0x7c5f    0x3a  Code  Gb  sl_sleeptimer.o [12]
sl_slist_init              0x2'189b     0x6  Code  Gb  sl_slist.o [15]
sl_slist_push              0x2'18a1     0x4  Code  Gb  sl_slist.o [15]
sl_zll_scan_attempts    0x2003'deb5     0x1  Data  Lc  zigbee-scan.o [60]
sleepMode               0x2003'ffdc     0x1  Data  Gb  main.o [34]
sleepTimerInterruptOccurred
                        0x2003'f230     0x1  Data  Lc  system-timer.o [38]
sleep_on_isr_exit       0x2003'ffbd     0x1  Data  Lc  sl_sleeptimer.o [12]
sleeptimer_frequency    0x2003'e5dc     0x4  Data  Lc  sl_power_manager.o [15]
sleeptimer_hal_disable_int
                           0x1'1767    0x2c  Code  Gb  sl_sleeptimer_hal_rtcc.o [12]
sleeptimer_hal_enable_int
                           0x1'174d    0x1a  Code  Gb  sl_sleeptimer_hal_rtcc.o [12]
sleeptimer_hal_get_counter
                           0x1'1701     0x6  Code  Gb  sl_sleeptimer_hal_rtcc.o [12]
sleeptimer_hal_get_timer_frequency
                           0x1'17e3    0x16  Code  Gb  sl_sleeptimer_hal_rtcc.o [12]
sleeptimer_hal_init_timer
                           0x1'1691    0x70  Code  Gb  sl_sleeptimer_hal_rtcc.o [12]
sleeptimer_hal_set_compare
                           0x1'1707    0x46  Code  Gb  sl_sleeptimer_hal_rtcc.o [12]
sleepyBroadcastInfo     0x2003'fc9c     0x1  Data  Lc  jit.o [60]
sli_build_zll_scan_request_payload
                           0x1'a94f    0x38  Code  Gb  zll-interpan.o [62]
sli_find_unused_pan_id     0x1'afed    0x66  Code  Gb  zigbee-scan.o [60]
sli_mac_energy_scan        0x1'0191    0x32  Code  Gb  scan.o [60]
sli_mac_energy_scan_complete_callback
                        0x2003'fc28     0x4  Data  Gb  scan.o [60]
sli_mac_filter_match_check
                             0xfab7   0x10a  Code  Gb  mac-header.o [60]
sli_mac_get_current_child_table_network_index
                           0x1'0a23    0x28  Code  Gb  mac-child.o [60]
sli_mac_init_child_table_pointers
                           0x1'0a0b    0x18  Code  Gb  mac-child.o [60]
sli_mac_make_enhanced_beacon_request_payload_info
                           0x1'f38d    0x82  Code  Gb  mac-command.o [60]
sli_mac_pop_child_table_pointer
                           0x1'0ac1    0x3e  Code  Gb  mac-child.o [60]
sli_mac_push_child_table_pointer
                           0x1'0a4d    0x74  Code  Gb  mac-child.o [60]
sli_mac_send_poll            0xea0d    0x5a  Code  Gb  upper-mac.o [60]
sli_power_manager_apply_em
                           0x1'1603    0x2a  Code  Gb  sl_power_manager_hal_s0_s1.o [15]
sli_power_manager_convert_delay_us_to_tick
                           0x1'1d5d    0x14  Code  Gb  sl_power_manager.o [15]
sli_power_manager_get_default_high_frequency_minimum_offtime
                           0x1'162d     0x8  Code  Gb  sl_power_manager_hal_s0_s1.o [15]
sli_power_manager_get_wakeup_process_time_overhead
                           0x1'1635    0x14  Code  Gb  sl_power_manager_hal_s0_s1.o [15]
sli_power_manager_handle_pre_deepsleep_operations
                           0x1'15c7     0x2  Code  Gb  sl_power_manager_hal_s0_s1.o [15]
sli_power_manager_init_hardware
                           0x1'14d1    0xbe  Code  Gb  sl_power_manager_hal_s0_s1.o [15]
sli_power_manager_on_wakeup
                             0x8191    0x38  Code  Gb  sleep-efm32.o [15]
sli_power_manager_restore_high_freq_accuracy_clk
                           0x1'15c9     0x2  Code  Gb  sl_power_manager_hal_s0_s1.o [15]
sli_power_manager_restore_states
                           0x1'15cb    0x38  Code  Gb  sl_power_manager_hal_s0_s1.o [15]
sli_power_manager_save_states
                           0x1'158f     0x4  Code  Gb  sl_power_manager_hal_s0_s1.o [15]
sli_power_manager_update_em_requirement
                           0x1'1cd9    0x64  Code  Gb  sl_power_manager.o [15]
sli_scan_stop              0x1'0433    0x44  Code  Gb  scan.o [60]
sli_set_lower_mac_params_to_concurrent_networks
                             0xe79b    0x54  Code  Gb  upper-mac.o [60]
sli_set_lower_mac_params_to_current_network
                             0xe7ef    0x3a  Code  Gb  upper-mac.o [60]
sli_set_mac_pan_id_node_id_to_current_network
                             0xe829    0x32  Code  Gb  upper-mac.o [60]
sli_sleeptimer_hal_is_int_status_set
                           0x1'1793    0x1e  Code  Gb  sl_sleeptimer_hal_rtcc.o [12]
sli_sleeptimer_is_power_manager_timer_next_to_expire
                             0x7bdf     0x8  Code  Gb  sl_sleeptimer.o [12]
sli_upper_mac_update_lower_mac_params
                             0xe70f    0x1c  Code  Gb  upper-mac.o [60]
sli_zigbee_make_enhanced_beacon_payload_info
                           0x1'2d13    0x2c  Code  Gb  beacon-handling.o [60]
soFullRepairIsNeeded    0x2003'f201     0x1  Data  Lc  sim-eeprom2-internal.o [58]
sourceRouteIndexInUseByFurtherNode
                           0x1'62af    0x32  Code  Gb  source-route-table.o [59]
sparePage               0x2003'f20c     0x4  Data  Gb  sim-eeprom2-internal.o [58]
stackEvents             0x2003'dcc0    0xc8  Data  Gb  zigbee-stack.o [60]
stackTokenInfo             0x1'bc04    0x3c  Data  Lc  token-cache.o [60]
startNetworkOperation        0xcad7    0x56  Code  Lc  association.o [60]
start_channel_scan         0x1'0507    0x6c  Code  Lc  scan.o [60]
state                   0x2003'f4c8     0x1  Data  Lc  zll-api.o [62]
staticBuffer            0x2003'f27c    0xdc  Data  Lc  ash-ncp.o [45]
statsTable              0x2003'f1f4     0xc  Data  Lc  debug-extended.o [32]
storeAndForwardDelayCount
                        0x2003'fd30     0x1  Data  Lc  store-forward.o [60]
storeAndForwardSubmitCount
                        0x2003'fd31     0x1  Data  Lc  store-forward.o [60]
storedKeysList          0x2003'f3d4     0x2  Data  Lc  aps-keys-transient.o [56]
strcmp                       0x88f9          Code  Gb  strcmp.o [55]
strlen                       0x4499          Code  Gb  strlen.o [55]
submitCount             0x2003'fc8d     0x1  Data  Lc  retry.o [60]
superRetriesIntervalForMacDataPoll
                        0x2003'f558     0x4  Data  Lc  network.o [60]
supportedNetworksDuringSave
                        0x2003'f782     0x1  Data  Lc  ember-multi-network.o [43]
suspendRxOnWhenIdle     0x2003'f4f8     0x1  Data  Lc  zll-api.o [62]
swoOutput                    0x1ac3    0xc8  Code  Lc  debug-jtag-efr32.o [9]
syncReg                      0x2731    0x12  Code  Lc  em_cmu.o [13]
systemTimerId           0x2003'f234    0x18  Data  Lc  system-timer.o [38]
tagMapInited            0x2003'ffcb     0x1  Data  Lc  command-handlers-zigbee-pro.o [50]
targetEui64             0x2003'fcd8     0x8  Data  Lc  zll-interpan.o [62]
tcBasedClassificationAlgorithm
                           0x1'2e31    0x62  Code  Lc  beacon-handling.o [60]
tempdrvHighCallbacks    0x2003'e7d4    0x28  Data  Lc  tempdrv.o [12]
tempdrvLowCallbacks     0x2003'e7fc    0x28  Data  Lc  tempdrv.o [12]
terminateScanRequest       0x2'66e3    0x18  Code  Lc  zdo-channel.o [60]
theirLastTransactionId  0x2003'fccc     0x4  Data  Lc  zll-interpan.o [62]
timeElapsed             0x2003'ffc0     0x1  Data  Lc  ustimer.o [12]
timeoutPools               0x1'10df    0xf0  Code  Lc  indirect-queue.o [60]
timerHandlerCallback       0x2'cfd1    0x2a  Code  Lc  timers.o [34]
timer_frequency         0x2003'e7c4     0x4  Data  Lc  sl_sleeptimer.o [12]
timer_head              0x2003'e7c8     0x4  Data  Lc  sl_sleeptimer.o [12]
tokenArraySize             0x3'0b6c    0x24  Data  Gb  token-def.o [15]
tokenCreators              0x3'0adc    0x48  Data  Gb  token-def.o [15]
tokenDefaults              0x3'0de0    0x90  Data  Gb  token-def.o [15]
tokenFlagsToSizeArray      0x2'8cd8     0x4  Data  Lc  install-code-tokens.o [39]
tokenIsCnt                 0x3'0b24    0x24  Data  Gb  token-def.o [15]
tokenSize                  0x3'0b48    0x24  Data  Gb  token-def.o [15]
tokensActive            0x2003'ffb5     0x1  Data  Gb  token.o [15]
totalInitialChildren    0x2003'f41f     0x1  Data  Gb  zigbee-device-util.o [60]
totalTokenStorage          0x3'0940     0x4  Data  Gb  sim-eeprom2.o [22]
tracePhase              0x2003'f210     0x1  Data  Lc  buffer-management.o [60]
transactionExpirationTimeMS
                        0x2003'fcd4     0x4  Data  Lc  zll-interpan.o [62]
transientKeyFinish         0x2'8983    0x38  Code  Lc  aps-keys-transient.o [56]
transportKeyFrameSizes     0x2'4fc0     0x8  Data  Lc  packet-validate.o [54]
trustCenterPolicy       0x2003'de6e     0x2  Data  Lc  command-handlers-security.o [51]
tryTxCurrentPacket           0x639f    0x5c  Code  Lc  lower-mac-rail-802.15.4.o [60]
txBuffer                     0x4621    0x3e  Code  Lc  com.o [20]
txBuffer                0x2003'f1f0     0x4  Data  Lc  debug-extended.o [32]
txBuffer                0x2003'f254     0x4  Data  Lc  ash-ncp.o [45]
txBufferLength          0x2003'f1ee     0x1  Data  Lc  debug-extended.o [32]
txBufferSize            0x2003'f1ed     0x1  Data  Lc  debug-extended.o [32]
txCallback                   0x4811    0x5a  Code  Lc  com.o [20]
txCatchUp                    0x47ab    0x66  Code  Lc  com.o [20]
txCompleteStatusPending
                        0x2003'dad6     0x1  Data  Lc  lower-mac-rail-802.15.4.o [60]
txCompleted                  0x6119    0x1a  Code  Lc  lower-mac-rail-802.15.4.o [60]
txCurrentPacket              0x6081    0x98  Code  Lc  lower-mac-rail-802.15.4.o [60]
txFailedCallback             0x581f    0x7a  Code  Lc  lower-mac-rail-802.15.4.o [60]
txHighQueue             0x2003'f274     0x2  Data  Lc  ash-ncp.o [45]
txPowerMode             0x2003'ffd5     0x1  Data  Lc  command-handlers.o [34]
txQueue                 0x2003'f276     0x2  Data  Lc  ash-ncp.o [45]
txSchedulerInfo         0x2003'dad8     0xc  Data  Lc  lower-mac-rail-802.15.4.o [60]
tx_complete_callback       0x1'00ad    0x46  Code  Lc  scan.o [60]
uartSynchCallbacks      0x2003'ffd6     0x1  Data  Gb  command-handlers.o [34]
uartdrvHandle           0x2003'e854    0x10  Data  Lc  uartdrv.o [12]
uartdrvHandleIsInitialized
                        0x2003'ffbf     0x1  Data  Lc  uartdrv.o [12]
uarthandledata          0x2003'e3e8    0x38  Data  Lc  com.o [20]
unicastHead             0x2003'ffe7     0x1  Data  Lc  unicast-table.o [60]
unicastRepliesPolicyDecision
                        0x2003'deb0     0x1  Data  Gb  command-handlers-zigbee-pro.o [50]
uninitializedIsr           0x3'050d          Code  Gb  faults-v7m.o [15]
unsolicitedChannelReport
                        0x2003'fc76     0x1  Data  Lc  zdo-channel.o [60]
unusedOriginalChannelMaskCache
                        0x2003'f43c     0x4  Data  Lc  zigbee-scan.o [60]
unusedPanIdCache        0x2003'f42c     0x2  Data  Lc  zigbee-scan.o [60]
updateBuffer                 0x45f1    0x30  Code  Lc  com.o [20]
updateEvents                 0x516b    0x4e  Code  Lc  lower-mac-rail-802.15.4.o [60]
updateIncomingMessageCallbacksInQueue
                           0x2'996f    0x52  Code  Gb  command-handlers-binding.o [46]
updateInterrupts             0x85a5    0xa0  Code  Lc  tempdrv.o [12]
updateTcLinkKeyState    0x2003'ff02     0x1  Data  Lc  aps-keys.o [60]
update_first_timer_delta
                             0x7ea1    0x24  Code  Lc  sl_sleeptimer.o [12]
useLegacyTimeoutMethod  0x2003'ffe6     0x1  Data  Gb  child-handling.o [60]
useNegotiatedPowerbyLinkPowerDelta
                        0x2003'ffc9     0x1  Data  Gb  lower-mac-rail-802.15.4.o [60]
userData                0x2003'f228     0x4  Data  Lc  buffer-management.o [60]
userDataCount           0x2003'f216     0x2  Data  Lc  buffer-management.o [60]
vScaleAfterWakeup            0x717d    0x24  Code  Lc  em_emu.o [13]
vScaleDownEM23Setup          0x7149    0x34  Code  Lc  em_emu.o [13]
vScaleEM01Config        0x2003'ffb7     0x1  Data  Lc  em_emu.o [13]
vpaStruct               0x2003'dc5c     0x8  Data  Gb  sim-eeprom2-internal.o [58]
vpbStruct               0x2003'dc64     0x8  Data  Gb  sim-eeprom2-internal.o [58]
vpcStruct               0x2003'dc6c     0x8  Data  Gb  sim-eeprom2-internal.o [58]
wakeInfo                0x2003'e5f4     0x4  Data  Lc  sleep-efm32.o [15]
wakeup_time_config_overhead_tick
                        0x2003'e5d8     0x4  Data  Gb  sl_power_manager.o [15]
walkDelayQueue             0x1'd9fd    0xd6  Code  Lc  retry.o [60]
walkStoreAndForwardQueue
                           0x2'21fb   0x110  Code  Lc  store-forward.o [60]
watchdogDisableInSleep  0x2003'ffb4     0x1  Data  Lc  sleep-efm32.o [15]
writeApsFrame              0x1'7a91    0x36  Code  Lc  command-handlers-zigbee-pro.o [50]
writeEmberZllNetwork       0x1'b9e5    0x86  Code  Lc  command-handlers-zll.o [53]
writeLqiAndRssi            0x1'7ecb    0x12  Code  Gb  command-handlers-zigbee-pro.o [50]
writeMessage                 0x43d3    0xaa  Code  Lc  legacy-packet-buffer.o [60]
writeNewTokenData            0x1435    0x94  Code  Lc  sim-eeprom2-internal.o [58]
writeStoredTokDefsToNext
                              0xe13    0x66  Code  Lc  sim-eeprom2-internal.o [58]
writeVpMgmtToNext            0x12c5   0x158  Code  Lc  sim-eeprom2-internal.o [58]
writeZllTokens             0x1'896d     0xc  Code  Lc  zll-tokens.o [62]
zdoConfigurationModeEnabled
                        0x2003'deb3     0x1  Data  Gb  zigbee-device-util.o [60]
zigDevApsStruct         0x2003'f424     0x4  Data  Lc  zigbee-device-util.o [60]
zigDevRequestSequence   0x2003'f41c     0x1  Data  Lc  zigbee-device-util.o [60]
zigbeeEventsNetworkIndex
                        0x2003'f798     0x4  Data  Lc  ember-multi-network.o [43]
zigbeeMacFilterList        0x3'0998    0x10  Data  Gb  ember-configuration.o [18]
zllActiveScanCompleteHandler
                           0x1'b239    0x16  Code  Lc  zigbee-scan.o [60]
zllNodeType             0x2003'f4c9     0x1  Data  Lc  zll-api.o [62]
zllPrimaryChannelMask   0x2003'f4dc     0x4  Data  Lc  zll-api.o [62]
zllSecondaryChannelMask
                        0x2003'f504     0x4  Data  Lc  zll-api.o [62]
zllSequenceNum          0x2003'ffe3     0x1  Data  Lc  zll-interpan.o [62]
zll_channel_stay           0x1'b08f    0x2e  Code  Gb  zigbee-scan.o [60]
zll_scan_request_callback
                           0x1'b0bd    0xa8  Code  Lc  zigbee-scan.o [60]


[1] = C:\SiliconLabs\SimplicityStudio\BETASSv5Beta3\mp-ncp-uart-hw-BRD4162-iar\IAR ARM - Default
[2] = C:\SiliconLabs\SimplicityStudio\BETASSv5Beta3\mp-ncp-uart-hw-BRD4162-iar\IAR ARM - Default\adc\EFR32
[3] = C:\SiliconLabs\SimplicityStudio\BETASSv5Beta3\mp-ncp-uart-hw-BRD4162-iar\IAR ARM - Default\antenna-stub
[4] = C:\SiliconLabs\SimplicityStudio\BETASSv5Beta3\mp-ncp-uart-hw-BRD4162-iar\IAR ARM - Default\button-stub
[5] = C:\SiliconLabs\SimplicityStudio\BETASSv5Beta3\mp-ncp-uart-hw-BRD4162-iar\IAR ARM - Default\buzzer-stub
[6] = C:\SiliconLabs\SimplicityStudio\BETASSv5Beta3\mp-ncp-uart-hw-BRD4162-iar\IAR ARM - Default\ccm-encryption
[7] = C:\SiliconLabs\SimplicityStudio\BETASSv5Beta3\mp-ncp-uart-hw-BRD4162-iar\IAR ARM - Default\coexistence-stub\EFR32
[8] = C:\SiliconLabs\SimplicityStudio\BETASSv5Beta3\mp-ncp-uart-hw-BRD4162-iar\IAR ARM - Default\debug-basic-library\EFR32
[9] = C:\SiliconLabs\SimplicityStudio\BETASSv5Beta3\mp-ncp-uart-hw-BRD4162-iar\IAR ARM - Default\debug-channel\EFR32
[10] = C:\SiliconLabs\SimplicityStudio\BETASSv5Beta3\mp-ncp-uart-hw-BRD4162-iar\IAR ARM - Default\diagnostic\EFR32
[11] = C:\SiliconLabs\SimplicityStudio\BETASSv5Beta3\mp-ncp-uart-hw-BRD4162-iar\IAR ARM - Default\ember-minimal-printf
[12] = C:\SiliconLabs\SimplicityStudio\BETASSv5Beta3\mp-ncp-uart-hw-BRD4162-iar\IAR ARM - Default\emdrv
[13] = C:\SiliconLabs\SimplicityStudio\BETASSv5Beta3\mp-ncp-uart-hw-BRD4162-iar\IAR ARM - Default\emlib
[14] = C:\SiliconLabs\SimplicityStudio\BETASSv5Beta3\mp-ncp-uart-hw-BRD4162-iar\IAR ARM - Default\external-generated-files
[15] = C:\SiliconLabs\SimplicityStudio\BETASSv5Beta3\mp-ncp-uart-hw-BRD4162-iar\IAR ARM - Default\hal-library\EFR32
[16] = C:\SiliconLabs\SimplicityStudio\BETASSv5Beta3\mp-ncp-uart-hw-BRD4162-iar\IAR ARM - Default\led\EFR32
[17] = C:\SiliconLabs\SimplicityStudio\BETASSv5Beta3\mp-ncp-uart-hw-BRD4162-iar\IAR ARM - Default\mbedtls\EFR32
[18] = C:\SiliconLabs\SimplicityStudio\BETASSv5Beta3\mp-ncp-uart-hw-BRD4162-iar\IAR ARM - Default\ncp-uart
[19] = C:\SiliconLabs\SimplicityStudio\BETASSv5Beta3\mp-ncp-uart-hw-BRD4162-iar\IAR ARM - Default\secure-ezsp-stub
[20] = C:\SiliconLabs\SimplicityStudio\BETASSv5Beta3\mp-ncp-uart-hw-BRD4162-iar\IAR ARM - Default\serial
[21] = C:\SiliconLabs\SimplicityStudio\BETASSv5Beta3\mp-ncp-uart-hw-BRD4162-iar\IAR ARM - Default\serial\EFR32
[22] = C:\SiliconLabs\SimplicityStudio\BETASSv5Beta3\mp-ncp-uart-hw-BRD4162-iar\IAR ARM - Default\sim-eeprom2\EFR32_1
[23] = C:\SiliconLabs\SimplicityStudio\BETASSv5Beta3\mp-ncp-uart-hw-BRD4162-iar\IAR ARM - Default\strong-random
[24] = binding-table-library.a
[25] = cbke-163k1-stub-library.a
[26] = cbke-283k1-stub-library.a
[27] = cbke-library-dsa-sign-stub.a
[28] = cbke-library-dsa-verify-283k1-stub.a
[29] = cbke-library-dsa-verify-stub.a
[30] = cbke-stub-library.a
[31] = debug-basic-library.a
[32] = debug-extended-library.a
[33] = dl7M_tln.a
[34] = em260-uart-util-library.a
[35] = em260-xncp-stub-library.a
[36] = end-device-bind-library.a
[37] = gp-library.a
[38] = hal-library.a
[39] = install-code-library.a
[40] = librail_efr32xg12_iar_release.a
[41] = m7M_tls.a
[42] = mfglib-library.a
[43] = multi-network-library.a
[44] = multi-pan-library.a
[45] = ncp-ash-fifo-rts-cts-library.a
[46] = ncp-binding-library.a
[47] = ncp-cbke-library.a
[48] = ncp-gp-library.a
[49] = ncp-mfglib-library.a
[50] = ncp-pro-library.a
[51] = ncp-security-library.a
[52] = ncp-source-route-library.a
[53] = ncp-zll-library.a
[54] = packet-validate-library.a
[55] = rt7M_tl.a
[56] = security-library-link-keys.a
[57] = sim-eeprom2-1to2-upgrade-stub-library.a
[58] = sim-eeprom2-library.a
[59] = source-route-library.a
[60] = zigbee-pro-stack.a
[61] = zigbee-r22-support-stub-library.a
[62] = zll-library.a

  198 018 bytes of readonly  code memory
      100 bytes of readwrite code memory
   10 244 bytes of readonly  data memory
   56 479 bytes of readwrite data memory

Errors: none
Warnings: none
